Component: ARM Compiler 6.13.1 Tool: armlink [5d895400]

==============================================================================

Section Cross References

    receiver.o(.text.main) refers to stm32f4xx_hal.o(.text.HAL_Init) for HAL_Init
    receiver.o(.text.main) refers to receiver.o(.text.UART2_Configuration) for UART2_Configuration
    receiver.o(.text.main) refers to receiver.o(.data.Message) for Message
    receiver.o(.text.main) refers to strlen.o(.text) for strlen
    receiver.o(.text.main) refers to receiver.o(.bss.UART_Handler) for UART_Handler
    receiver.o(.text.main) refers to stm32f4xx_hal_uart.o(.text.HAL_UART_Transmit) for HAL_UART_Transmit
    receiver.o(.text.main) refers to stm32f4xx_hal_uart.o(.text.HAL_UART_Receive) for HAL_UART_Receive
    receiver.o(.ARM.exidx.text.main) refers to receiver.o(.text.main) for [Anonymous Symbol]
    receiver.o(.text.UART2_Configuration) refers to stm32f4xx_hal_gpio.o(.text.HAL_GPIO_Init) for HAL_GPIO_Init
    receiver.o(.text.UART2_Configuration) refers to receiver.o(.bss.UART_Handler) for UART_Handler
    receiver.o(.text.UART2_Configuration) refers to stm32f4xx_hal_uart.o(.text.HAL_UART_Init) for HAL_UART_Init
    receiver.o(.ARM.exidx.text.UART2_Configuration) refers to receiver.o(.text.UART2_Configuration) for [Anonymous Symbol]
    receiver.o(.text.SysTick_Handler) refers to stm32f4xx_hal.o(.text.HAL_IncTick) for HAL_IncTick
    receiver.o(.text.SysTick_Handler) refers to stm32f4xx_hal_cortex.o(.text.HAL_SYSTICK_IRQHandler) for HAL_SYSTICK_IRQHandler
    receiver.o(.ARM.exidx.text.SysTick_Handler) refers to receiver.o(.text.SysTick_Handler) for [Anonymous Symbol]
    receiver.o(.ARM.exidx.text.Delay_ms) refers to receiver.o(.text.Delay_ms) for [Anonymous Symbol]
    stm32f4xx_hal.o(.text.HAL_Init) refers to stm32f4xx_hal_cortex.o(.text.HAL_NVIC_SetPriorityGrouping) for HAL_NVIC_SetPriorityGrouping
    stm32f4xx_hal.o(.text.HAL_Init) refers to stm32f4xx_hal.o(.text.HAL_InitTick) for HAL_InitTick
    stm32f4xx_hal.o(.text.HAL_Init) refers to stm32f4xx_hal.o(.text.HAL_MspInit) for HAL_MspInit
    stm32f4xx_hal.o(.ARM.exidx.text.HAL_Init) refers to stm32f4xx_hal.o(.text.HAL_Init) for [Anonymous Symbol]
    stm32f4xx_hal.o(.text.HAL_InitTick) refers to stm32f4xx_hal.o(.data.uwTickFreq) for uwTickFreq
    stm32f4xx_hal.o(.text.HAL_InitTick) refers to system_stm32f4xx.o(.data.SystemCoreClock) for SystemCoreClock
    stm32f4xx_hal.o(.text.HAL_InitTick) refers to stm32f4xx_hal_cortex.o(.text.HAL_SYSTICK_Config) for HAL_SYSTICK_Config
    stm32f4xx_hal.o(.text.HAL_InitTick) refers to stm32f4xx_hal_cortex.o(.text.HAL_NVIC_SetPriority) for HAL_NVIC_SetPriority
    stm32f4xx_hal.o(.text.HAL_InitTick) refers to stm32f4xx_hal.o(.data.uwTickPrio) for uwTickPrio
    stm32f4xx_hal.o(.ARM.exidx.text.HAL_InitTick) refers to stm32f4xx_hal.o(.text.HAL_InitTick) for [Anonymous Symbol]
    stm32f4xx_hal.o(.ARM.exidx.text.HAL_MspInit) refers to stm32f4xx_hal.o(.text.HAL_MspInit) for [Anonymous Symbol]
    stm32f4xx_hal.o(.text.HAL_DeInit) refers to stm32f4xx_hal.o(.text.HAL_MspDeInit) for HAL_MspDeInit
    stm32f4xx_hal.o(.ARM.exidx.text.HAL_DeInit) refers to stm32f4xx_hal.o(.text.HAL_DeInit) for [Anonymous Symbol]
    stm32f4xx_hal.o(.ARM.exidx.text.HAL_MspDeInit) refers to stm32f4xx_hal.o(.text.HAL_MspDeInit) for [Anonymous Symbol]
    stm32f4xx_hal.o(.text.HAL_IncTick) refers to stm32f4xx_hal.o(.data.uwTickFreq) for uwTickFreq
    stm32f4xx_hal.o(.text.HAL_IncTick) refers to stm32f4xx_hal.o(.bss.uwTick) for uwTick
    stm32f4xx_hal.o(.ARM.exidx.text.HAL_IncTick) refers to stm32f4xx_hal.o(.text.HAL_IncTick) for [Anonymous Symbol]
    stm32f4xx_hal.o(.text.HAL_GetTick) refers to stm32f4xx_hal.o(.bss.uwTick) for uwTick
    stm32f4xx_hal.o(.ARM.exidx.text.HAL_GetTick) refers to stm32f4xx_hal.o(.text.HAL_GetTick) for [Anonymous Symbol]
    stm32f4xx_hal.o(.text.HAL_GetTickPrio) refers to stm32f4xx_hal.o(.data.uwTickPrio) for uwTickPrio
    stm32f4xx_hal.o(.ARM.exidx.text.HAL_GetTickPrio) refers to stm32f4xx_hal.o(.text.HAL_GetTickPrio) for [Anonymous Symbol]
    stm32f4xx_hal.o(.text.HAL_SetTickFreq) refers to stm32f4xx_hal.o(.data.uwTickFreq) for uwTickFreq
    stm32f4xx_hal.o(.text.HAL_SetTickFreq) refers to stm32f4xx_hal.o(.data.uwTickPrio) for uwTickPrio
    stm32f4xx_hal.o(.text.HAL_SetTickFreq) refers to stm32f4xx_hal.o(.text.HAL_InitTick) for HAL_InitTick
    stm32f4xx_hal.o(.ARM.exidx.text.HAL_SetTickFreq) refers to stm32f4xx_hal.o(.text.HAL_SetTickFreq) for [Anonymous Symbol]
    stm32f4xx_hal.o(.text.HAL_GetTickFreq) refers to stm32f4xx_hal.o(.data.uwTickFreq) for uwTickFreq
    stm32f4xx_hal.o(.ARM.exidx.text.HAL_GetTickFreq) refers to stm32f4xx_hal.o(.text.HAL_GetTickFreq) for [Anonymous Symbol]
    stm32f4xx_hal.o(.text.HAL_Delay) refers to stm32f4xx_hal.o(.text.HAL_GetTick) for HAL_GetTick
    stm32f4xx_hal.o(.text.HAL_Delay) refers to stm32f4xx_hal.o(.data.uwTickFreq) for uwTickFreq
[...]
    Removing stm32f4xx_hal_gpio.o(.text.HAL_GPIO_EXTI_IRQHandler), (22 bytes).
    Removing stm32f4xx_hal_gpio.o(.ARM.exidx.text.HAL_GPIO_EXTI_IRQHandler), (8 bytes).
    Removing stm32f4xx_hal_gpio.o(.text.HAL_GPIO_EXTI_Callback), (2 bytes).
    Removing stm32f4xx_hal_gpio.o(.ARM.exidx.text.HAL_GPIO_EXTI_Callback), (8 bytes).
    Removing stm32f4xx_hal_pwr.o(.text), (0 bytes).
    Removing stm32f4xx_hal_pwr.o(.text.HAL_PWR_DeInit), (26 bytes).
    Removing stm32f4xx_hal_pwr.o(.ARM.exidx.text.HAL_PWR_DeInit), (8 bytes).
    Removing stm32f4xx_hal_pwr.o(.text.HAL_PWR_EnableBkUpAccess), (30 bytes).
    Removing stm32f4xx_hal_pwr.o(.ARM.exidx.text.HAL_PWR_EnableBkUpAccess), (8 bytes).
    Removing stm32f4xx_hal_pwr.o(.text.HAL_PWR_DisableBkUpAccess), (30 bytes).
    Removing stm32f4xx_hal_pwr.o(.ARM.exidx.text.HAL_PWR_DisableBkUpAccess), (8 bytes).
    Removing stm32f4xx_hal_pwr.o(.text.HAL_PWR_ConfigPVD), (128 bytes).
    Removing stm32f4xx_hal_pwr.o(.ARM.exidx.text.HAL_PWR_ConfigPVD), (8 bytes).
    Removing stm32f4xx_hal_pwr.o(.text.HAL_PWR_EnablePVD), (12 bytes).
    Removing stm32f4xx_hal_pwr.o(.ARM.exidx.text.HAL_PWR_EnablePVD), (8 bytes).
    Removing stm32f4xx_hal_pwr.o(.text.HAL_PWR_DisablePVD), (12 bytes).
    Removing stm32f4xx_hal_pwr.o(.ARM.exidx.text.HAL_PWR_DisablePVD), (8 bytes).
    Removing stm32f4xx_hal_pwr.o(.text.HAL_PWR_EnableWakeUpPin), (16 bytes).
    Removing stm32f4xx_hal_pwr.o(.ARM.exidx.text.HAL_PWR_EnableWakeUpPin), (8 bytes).
    Removing stm32f4xx_hal_pwr.o(.text.HAL_PWR_DisableWakeUpPin), (18 bytes).
    Removing stm32f4xx_hal_pwr.o(.ARM.exidx.text.HAL_PWR_DisableWakeUpPin), (8 bytes).
    Removing stm32f4xx_hal_pwr.o(.text.HAL_PWR_EnterSLEEPMode), (30 bytes).
    Removing stm32f4xx_hal_pwr.o(.ARM.exidx.text.HAL_PWR_EnterSLEEPMode), (8 bytes).
    Removing stm32f4xx_hal_pwr.o(.text.HAL_PWR_EnterSTOPMode), (60 bytes).
    Removing stm32f4xx_hal_pwr.o(.ARM.exidx.text.HAL_PWR_EnterSTOPMode), (8 bytes).
    Removing stm32f4xx_hal_pwr.o(.text.HAL_PWR_EnterSTANDBYMode), (36 bytes).
    Removing stm32f4xx_hal_pwr.o(.ARM.exidx.text.HAL_PWR_EnterSTANDBYMode), (8 bytes).
    Removing stm32f4xx_hal_pwr.o(.text.HAL_PWR_PVD_IRQHandler), (30 bytes).
    Removing stm32f4xx_hal_pwr.o(.ARM.exidx.text.HAL_PWR_PVD_IRQHandler), (8 bytes).
    Removing stm32f4xx_hal_pwr.o(.text.HAL_PWR_PVDCallback), (2 bytes).
    Removing stm32f4xx_hal_pwr.o(.ARM.exidx.text.HAL_PWR_PVDCallback), (8 bytes).
    Removing stm32f4xx_hal_pwr.o(.text.HAL_PWR_EnableSleepOnExit), (18 bytes).
    Removing stm32f4xx_hal_pwr.o(.ARM.exidx.text.HAL_PWR_EnableSleepOnExit), (8 bytes).
    Removing stm32f4xx_hal_pwr.o(.text.HAL_PWR_DisableSleepOnExit), (18 bytes).
    Removing stm32f4xx_hal_pwr.o(.ARM.exidx.text.HAL_PWR_DisableSleepOnExit), (8 bytes).
    Removing stm32f4xx_hal_pwr.o(.text.HAL_PWR_EnableSEVOnPend), (18 bytes).
    Removing stm32f4xx_hal_pwr.o(.ARM.exidx.text.HAL_PWR_EnableSEVOnPend), (8 bytes).
    Removing stm32f4xx_hal_pwr.o(.text.HAL_PWR_DisableSEVOnPend), (18 bytes).
    Removing stm32f4xx_hal_pwr.o(.ARM.exidx.text.HAL_PWR_DisableSEVOnPend), (8 bytes).
    Removing stm32f4xx_hal_pwr_ex.o(.text), (0 bytes).
    Removing stm32f4xx_hal_pwr_ex.o(.text.HAL_PWREx_EnableBkUpReg), (54 bytes).
    Removing stm32f4xx_hal_pwr_ex.o(.ARM.exidx.text.HAL_PWREx_EnableBkUpReg), (8 bytes).
    Removing stm32f4xx_hal_pwr_ex.o(.text.HAL_PWREx_DisableBkUpReg), (54 bytes).
    Removing stm32f4xx_hal_pwr_ex.o(.ARM.exidx.text.HAL_PWREx_DisableBkUpReg), (8 bytes).
    Removing stm32f4xx_hal_pwr_ex.o(.text.HAL_PWREx_EnableFlashPowerDown), (12 bytes).
    Removing stm32f4xx_hal_pwr_ex.o(.ARM.exidx.text.HAL_PWREx_EnableFlashPowerDown), (8 bytes).
    Removing stm32f4xx_hal_pwr_ex.o(.text.HAL_PWREx_DisableFlashPowerDown), (12 bytes).
    Removing stm32f4xx_hal_pwr_ex.o(.ARM.exidx.text.HAL_PWREx_DisableFlashPowerDown), (8 bytes).
    Removing stm32f4xx_hal_pwr_ex.o(.text.HAL_PWREx_GetVoltageRange), (16 bytes).
    Removing stm32f4xx_hal_pwr_ex.o(.ARM.exidx.text.HAL_PWREx_GetVoltageRange), (8 bytes).
    Removing stm32f4xx_hal_pwr_ex.o(.text.HAL_PWREx_ControlVoltageScaling), (102 bytes).
    Removing stm32f4xx_hal_pwr_ex.o(.ARM.exidx.text.HAL_PWREx_ControlVoltageScaling), (8 bytes).
    Removing stm32f4xx_hal_rcc.o(.text), (0 bytes).
    Removing stm32f4xx_hal_rcc.o(.text.HAL_RCC_DeInit), (4 bytes).
    Removing stm32f4xx_hal_rcc.o(.ARM.exidx.text.HAL_RCC_DeInit), (8 bytes).
    Removing stm32f4xx_hal_rcc.o(.text.HAL_RCC_OscConfig), (858 bytes).
    Removing stm32f4xx_hal_rcc.o(.ARM.exidx.text.HAL_RCC_OscConfig), (8 bytes).
    Removing stm32f4xx_hal_rcc.o(.text.HAL_RCC_ClockConfig), (354 bytes).
    Removing stm32f4xx_hal_rcc.o(.ARM.exidx.text.HAL_RCC_ClockConfig), (8 bytes).
    Removing stm32f4xx_hal_rcc.o(.text.HAL_RCC_GetSysClockFreq), (104 bytes).
    Removing stm32f4xx_hal_rcc.o(.ARM.exidx.text.HAL_RCC_GetSysClockFreq), (8 bytes).
    Removing stm32f4xx_hal_rcc.o(.text.HAL_RCC_MCOConfig), (158 bytes).
    Removing stm32f4xx_hal_rcc.o(.ARM.exidx.text.HAL_RCC_MCOConfig), (8 bytes).
    Removing stm32f4xx_hal_rcc.o(.text.HAL_RCC_EnableCSS), (12 bytes).
    Removing stm32f4xx_hal_rcc.o(.ARM.exidx.text.HAL_RCC_EnableCSS), (8 bytes).
    Removing stm32f4xx_hal_rcc.o(.text.HAL_RCC_DisableCSS), (12 bytes).
    Removing stm32f4xx_hal_rcc.o(.ARM.exidx.text.HAL_RCC_DisableCSS), (8 bytes).
    Removing stm32f4xx_hal_rcc.o(.ARM.exidx.text.HAL_RCC_GetHCLKFreq), (8 bytes).
    Removing stm32f4xx_hal_rcc.o(.ARM.exidx.text.HAL_RCC_GetPCLK1Freq), (8 bytes).
    Removing stm32f4xx_hal_rcc.o(.ARM.exidx.text.HAL_RCC_GetPCLK2Freq), (8 bytes).
    Removing stm32f4xx_hal_rcc.o(.text.HAL_RCC_GetOscConfig), (152 bytes).
    Removing stm32f4xx_hal_rcc.o(.ARM.exidx.text.HAL_RCC_GetOscConfig), (8 bytes).
    Removing stm32f4xx_hal_rcc.o(.text.HAL_RCC_GetClockConfig), (62 bytes).
    Removing stm32f4xx_hal_rcc.o(.ARM.exidx.text.HAL_RCC_GetClockConfig), (8 bytes).
    Removing stm32f4xx_hal_rcc.o(.text.HAL_RCC_NMI_IRQHandler), (28 bytes).
    Removing stm32f4xx_hal_rcc.o(.ARM.exidx.text.HAL_RCC_NMI_IRQHandler), (8 bytes).
    Removing stm32f4xx_hal_rcc.o(.text.HAL_RCC_CSSCallback), (2 bytes).
    Removing stm32f4xx_hal_rcc.o(.ARM.exidx.text.HAL_RCC_CSSCallback), (8 bytes).
    Removing stm32f4xx_hal_rcc_ex.o(.text), (0 bytes).
    Removing stm32f4xx_hal_rcc_ex.o(.text.HAL_RCCEx_PeriphCLKConfig), (326 bytes).
    Removing stm32f4xx_hal_rcc_ex.o(.ARM.exidx.text.HAL_RCCEx_PeriphCLKConfig), (8 bytes).
    Removing stm32f4xx_hal_rcc_ex.o(.text.HAL_RCCEx_GetPeriphCLKConfig), (50 bytes).
    Removing stm32f4xx_hal_rcc_ex.o(.ARM.exidx.text.HAL_RCCEx_GetPeriphCLKConfig), (8 bytes).
    Removing stm32f4xx_hal_rcc_ex.o(.text.HAL_RCCEx_GetPeriphCLKFreq), (78 bytes).
    Removing stm32f4xx_hal_rcc_ex.o(.ARM.exidx.text.HAL_RCCEx_GetPeriphCLKFreq), (8 bytes).
    Removing stm32f4xx_hal_rcc_ex.o(.text.HAL_RCCEx_EnablePLLI2S), (104 bytes).
    Removing stm32f4xx_hal_rcc_ex.o(.ARM.exidx.text.HAL_RCCEx_EnablePLLI2S), (8 bytes).
    Removing stm32f4xx_hal_rcc_ex.o(.text.HAL_RCCEx_DisablePLLI2S), (52 bytes).
    Removing stm32f4xx_hal_rcc_ex.o(.ARM.exidx.text.HAL_RCCEx_DisablePLLI2S), (8 bytes).
    Removing stm32f4xx_hal_rcc_ex.o(.text.HAL_RCC_DeInit), (290 bytes).
    Removing stm32f4xx_hal_rcc_ex.o(.ARM.exidx.text.HAL_RCC_DeInit), (8 bytes).
    Removing stm32f4xx_hal_spi.o(.text), (0 bytes).
    Removing stm32f4xx_hal_spi.o(.text.HAL_SPI_Init), (196 bytes).
    Removing stm32f4xx_hal_spi.o(.ARM.exidx.text.HAL_SPI_Init), (8 bytes).
    Removing stm32f4xx_hal_spi.o(.text.HAL_SPI_MspInit), (2 bytes).
    Removing stm32f4xx_hal_spi.o(.ARM.exidx.text.HAL_SPI_MspInit), (8 bytes).
    Removing stm32f4xx_hal_spi.o(.text.HAL_SPI_DeInit), (48 bytes).
    Removing stm32f4xx_hal_spi.o(.ARM.exidx.text.HAL_SPI_DeInit), (8 bytes).
    Removing stm32f4xx_hal_spi.o(.text.HAL_SPI_MspDeInit), (2 bytes).
    Removing stm32f4xx_hal_spi.o(.ARM.exidx.text.HAL_SPI_MspDeInit), (8 bytes).
    Removing stm32f4xx_hal_spi.o(.text.HAL_SPI_Transmit), (422 bytes).
    Removing stm32f4xx_hal_spi.o(.ARM.exidx.text.HAL_SPI_Transmit), (8 bytes).
    Removing stm32f4xx_hal_spi.o(.text.SPI_EndRxTxTransaction), (106 bytes).
    Removing stm32f4xx_hal_spi.o(.ARM.exidx.text.SPI_EndRxTxTransaction), (8 bytes).
    Removing stm32f4xx_hal_spi.o(.text.HAL_SPI_Receive), (498 bytes).
    Removing stm32f4xx_hal_spi.o(.ARM.exidx.text.HAL_SPI_Receive), (8 bytes).
    Removing stm32f4xx_hal_spi.o(.text.HAL_SPI_TransmitReceive), (638 bytes).
    Removing stm32f4xx_hal_spi.o(.ARM.exidx.text.HAL_SPI_TransmitReceive), (8 bytes).
    Removing stm32f4xx_hal_spi.o(.text.SPI_WaitFlagStateUntilTimeout), (224 bytes).
    Removing stm32f4xx_hal_spi.o(.ARM.exidx.text.SPI_WaitFlagStateUntilTimeout), (8 bytes).
    Removing stm32f4xx_hal_spi.o(.text.SPI_EndRxTransaction), (136 bytes).
    Removing stm32f4xx_hal_spi.o(.ARM.exidx.text.SPI_EndRxTransaction), (8 bytes).
    Removing stm32f4xx_hal_spi.o(.text.HAL_SPI_Transmit_IT), (182 bytes).
    Removing stm32f4xx_hal_spi.o(.ARM.exidx.text.HAL_SPI_Transmit_IT), (8 bytes).
    Removing stm32f4xx_hal_spi.o(.text.SPI_TxISR_16BIT), (50 bytes).
    Removing stm32f4xx_hal_spi.o(.ARM.exidx.text.SPI_TxISR_16BIT), (8 bytes).
    Removing stm32f4xx_hal_spi.o(.text.SPI_TxISR_8BIT), (54 bytes).
    Removing stm32f4xx_hal_spi.o(.ARM.exidx.text.SPI_TxISR_8BIT), (8 bytes).
    Removing stm32f4xx_hal_spi.o(.text.HAL_SPI_Receive_IT), (226 bytes).
    Removing stm32f4xx_hal_spi.o(.ARM.exidx.text.HAL_SPI_Receive_IT), (8 bytes).
    Removing stm32f4xx_hal_spi.o(.text.HAL_SPI_TransmitReceive_IT), (242 bytes).
    Removing stm32f4xx_hal_spi.o(.ARM.exidx.text.HAL_SPI_TransmitReceive_IT), (8 bytes).
    Removing stm32f4xx_hal_spi.o(.text.SPI_RxISR_16BIT), (72 bytes).
    Removing stm32f4xx_hal_spi.o(.ARM.exidx.text.SPI_RxISR_16BIT), (8 bytes).
    Removing stm32f4xx_hal_spi.o(.text.SPI_RxISR_8BIT), (76 bytes).
    Removing stm32f4xx_hal_spi.o(.ARM.exidx.text.SPI_RxISR_8BIT), (8 bytes).
    Removing stm32f4xx_hal_spi.o(.text.SPI_2linesRxISR_16BIT), (66 bytes).
    Removing stm32f4xx_hal_spi.o(.ARM.exidx.text.SPI_2linesRxISR_16BIT), (8 bytes).
    Removing stm32f4xx_hal_spi.o(.text.SPI_2linesTxISR_16BIT), (72 bytes).
    Removing stm32f4xx_hal_spi.o(.ARM.exidx.text.SPI_2linesTxISR_16BIT), (8 bytes).
    Removing stm32f4xx_hal_spi.o(.text.SPI_2linesRxISR_8BIT), (70 bytes).
    Removing stm32f4xx_hal_spi.o(.ARM.exidx.text.SPI_2linesRxISR_8BIT), (8 bytes).
    Removing stm32f4xx_hal_spi.o(.text.SPI_2linesTxISR_8BIT), (76 bytes).
    Removing stm32f4xx_hal_spi.o(.ARM.exidx.text.SPI_2linesTxISR_8BIT), (8 bytes).
    Removing stm32f4xx_hal_spi.o(.text.HAL_SPI_Transmit_DMA), (234 bytes).
    Removing stm32f4xx_hal_spi.o(.ARM.exidx.text.HAL_SPI_Transmit_DMA), (8 bytes).
    Removing stm32f4xx_hal_spi.o(.text.SPI_DMAHalfTransmitCplt), (6 bytes).
    Removing stm32f4xx_hal_spi.o(.ARM.exidx.text.SPI_DMAHalfTransmitCplt), (8 bytes).
    Removing stm32f4xx_hal_spi.o(.text.SPI_DMATransmitCplt), (116 bytes).
    Removing stm32f4xx_hal_spi.o(.ARM.exidx.text.SPI_DMATransmitCplt), (8 bytes).
    Removing stm32f4xx_hal_spi.o(.text.SPI_DMAError), (30 bytes).
    Removing stm32f4xx_hal_spi.o(.ARM.exidx.text.SPI_DMAError), (8 bytes).
    Removing stm32f4xx_hal_spi.o(.text.HAL_SPI_Receive_DMA), (272 bytes).
    Removing stm32f4xx_hal_spi.o(.ARM.exidx.text.HAL_SPI_Receive_DMA), (8 bytes).
    Removing stm32f4xx_hal_spi.o(.text.HAL_SPI_TransmitReceive_DMA), (316 bytes).
    Removing stm32f4xx_hal_spi.o(.ARM.exidx.text.HAL_SPI_TransmitReceive_DMA), (8 bytes).
    Removing stm32f4xx_hal_spi.o(.text.SPI_DMAHalfReceiveCplt), (6 bytes).
    Removing stm32f4xx_hal_spi.o(.ARM.exidx.text.SPI_DMAHalfReceiveCplt), (8 bytes).
    Removing stm32f4xx_hal_spi.o(.text.SPI_DMAReceiveCplt), (180 bytes).
    Removing stm32f4xx_hal_spi.o(.ARM.exidx.text.SPI_DMAReceiveCplt), (8 bytes).
    Removing stm32f4xx_hal_spi.o(.text.SPI_DMAHalfTransmitReceiveCplt), (6 bytes).
    Removing stm32f4xx_hal_spi.o(.ARM.exidx.text.SPI_DMAHalfTransmitReceiveCplt), (8 bytes).
    Removing stm32f4xx_hal_spi.o(.text.SPI_DMATransmitReceiveCplt), (162 bytes).
    Removing stm32f4xx_hal_spi.o(.ARM.exidx.text.SPI_DMATransmitReceiveCplt), (8 bytes).
    Removing stm32f4xx_hal_spi.o(.text.HAL_SPI_Abort), (310 bytes).
    Removing stm32f4xx_hal_spi.o(.ARM.exidx.text.HAL_SPI_Abort), (8 bytes).
    Removing stm32f4xx_hal_spi.o(.text.SPI_AbortTx_ISR), (26 bytes).
    Removing stm32f4xx_hal_spi.o(.ARM.exidx.text.SPI_AbortTx_ISR), (8 bytes).
    Removing stm32f4xx_hal_spi.o(.text.SPI_AbortRx_ISR), (98 bytes).
    Removing stm32f4xx_hal_spi.o(.ARM.exidx.text.SPI_AbortRx_ISR), (8 bytes).
    Removing stm32f4xx_hal_spi.o(.text.HAL_SPI_Abort_IT), (330 bytes).
    Removing stm32f4xx_hal_spi.o(.ARM.exidx.text.HAL_SPI_Abort_IT), (8 bytes).
    Removing stm32f4xx_hal_spi.o(.text.SPI_DMATxAbortCallback), (142 bytes).
    Removing stm32f4xx_hal_spi.o(.ARM.exidx.text.SPI_DMATxAbortCallback), (8 bytes).
    Removing stm32f4xx_hal_spi.o(.text.SPI_DMARxAbortCallback), (124 bytes).
    Removing stm32f4xx_hal_spi.o(.ARM.exidx.text.SPI_DMARxAbortCallback), (8 bytes).
    Removing stm32f4xx_hal_spi.o(.text.HAL_SPI_AbortCpltCallback), (2 bytes).
    Removing stm32f4xx_hal_spi.o(.ARM.exidx.text.HAL_SPI_AbortCpltCallback), (8 bytes).
    Removing stm32f4xx_hal_spi.o(.text.HAL_SPI_DMAPause), (34 bytes).
    Removing stm32f4xx_hal_spi.o(.ARM.exidx.text.HAL_SPI_DMAPause), (8 bytes).
    Removing stm32f4xx_hal_spi.o(.text.HAL_SPI_DMAResume), (34 bytes).
    Removing stm32f4xx_hal_spi.o(.ARM.exidx.text.HAL_SPI_DMAResume), (8 bytes).
    Removing stm32f4xx_hal_spi.o(.text.HAL_SPI_DMAStop), (68 bytes).
    Removing stm32f4xx_hal_spi.o(.ARM.exidx.text.HAL_SPI_DMAStop), (8 bytes).
    Removing stm32f4xx_hal_spi.o(.text.HAL_SPI_IRQHandler), (266 bytes).
    Removing stm32f4xx_hal_spi.o(.ARM.exidx.text.HAL_SPI_IRQHandler), (8 bytes).
    Removing stm32f4xx_hal_spi.o(.text.SPI_DMAAbortOnError), (12 bytes).
    Removing stm32f4xx_hal_spi.o(.ARM.exidx.text.SPI_DMAAbortOnError), (8 bytes).
    Removing stm32f4xx_hal_spi.o(.text.HAL_SPI_ErrorCallback), (2 bytes).
    Removing stm32f4xx_hal_spi.o(.ARM.exidx.text.HAL_SPI_ErrorCallback), (8 bytes).
    Removing stm32f4xx_hal_spi.o(.text.HAL_SPI_TxCpltCallback), (2 bytes).
    Removing stm32f4xx_hal_spi.o(.ARM.exidx.text.HAL_SPI_TxCpltCallback), (8 bytes).
    Removing stm32f4xx_hal_spi.o(.text.HAL_SPI_RxCpltCallback), (2 bytes).
    Removing stm32f4xx_hal_spi.o(.ARM.exidx.text.HAL_SPI_RxCpltCallback), (8 bytes).
    Removing stm32f4xx_hal_spi.o(.text.HAL_SPI_TxRxCpltCallback), (2 bytes).
    Removing stm32f4xx_hal_spi.o(.ARM.exidx.text.HAL_SPI_TxRxCpltCallback), (8 bytes).
    Removing stm32f4xx_hal_spi.o(.text.HAL_SPI_TxHalfCpltCallback), (2 bytes).
    Removing stm32f4xx_hal_spi.o(.ARM.exidx.text.HAL_SPI_TxHalfCpltCallback), (8 bytes).
    Removing stm32f4xx_hal_spi.o(.text.HAL_SPI_RxHalfCpltCallback), (2 bytes).
    Removing stm32f4xx_hal_spi.o(.ARM.exidx.text.HAL_SPI_RxHalfCpltCallback), (8 bytes).
    Removing stm32f4xx_hal_spi.o(.text.HAL_SPI_TxRxHalfCpltCallback), (2 bytes).
    Removing stm32f4xx_hal_spi.o(.ARM.exidx.text.HAL_SPI_TxRxHalfCpltCallback), (8 bytes).
    Removing stm32f4xx_hal_spi.o(.text.HAL_SPI_GetState), (6 bytes).
    Removing stm32f4xx_hal_spi.o(.ARM.exidx.text.HAL_SPI_GetState), (8 bytes).
    Removing stm32f4xx_hal_spi.o(.text.HAL_SPI_GetError), (4 bytes).
    Removing stm32f4xx_hal_spi.o(.ARM.exidx.text.HAL_SPI_GetError), (8 bytes).
    Removing stm32f4xx_hal_spi.o(.text.SPI_2linesRxISR_8BITCRC), (44 bytes).
    Removing stm32f4xx_hal_spi.o(.ARM.exidx.text.SPI_2linesRxISR_8BITCRC), (8 bytes).
    Removing stm32f4xx_hal_spi.o(.text.SPI_CloseRxTx_ISR), (198 bytes).
    Removing stm32f4xx_hal_spi.o(.ARM.exidx.text.SPI_CloseRxTx_ISR), (8 bytes).
    Removing stm32f4xx_hal_spi.o(.text.SPI_2linesRxISR_16BITCRC), (28 bytes).
    Removing stm32f4xx_hal_spi.o(.ARM.exidx.text.SPI_2linesRxISR_16BITCRC), (8 bytes).
    Removing stm32f4xx_hal_spi.o(.text.SPI_RxISR_8BITCRC), (26 bytes).
    Removing stm32f4xx_hal_spi.o(.ARM.exidx.text.SPI_RxISR_8BITCRC), (8 bytes).
    Removing stm32f4xx_hal_spi.o(.text.SPI_CloseRx_ISR), (118 bytes).
    Removing stm32f4xx_hal_spi.o(.ARM.exidx.text.SPI_CloseRx_ISR), (8 bytes).
    Removing stm32f4xx_hal_spi.o(.text.SPI_RxISR_16BITCRC), (28 bytes).
    Removing stm32f4xx_hal_spi.o(.ARM.exidx.text.SPI_RxISR_16BITCRC), (8 bytes).
    Removing stm32f4xx_hal_spi.o(.text.SPI_CloseTx_ISR), (150 bytes).
    Removing stm32f4xx_hal_spi.o(.ARM.exidx.text.SPI_CloseTx_ISR), (8 bytes).
    Removing stm32f4xx_hal_uart.o(.text), (0 bytes).
    Removing stm32f4xx_hal_uart.o(.ARM.exidx.text.HAL_UART_Init), (8 bytes).
    Removing stm32f4xx_hal_uart.o(.ARM.exidx.text.HAL_UART_MspInit), (8 bytes).
    Removing stm32f4xx_hal_uart.o(.ARM.exidx.text.UART_SetConfig), (8 bytes).
    Removing stm32f4xx_hal_uart.o(.text.HAL_HalfDuplex_Init), (102 bytes).
    Removing stm32f4xx_hal_uart.o(.ARM.exidx.text.HAL_HalfDuplex_Init), (8 bytes).
    Removing stm32f4xx_hal_uart.o(.text.HAL_LIN_Init), (118 bytes).
    Removing stm32f4xx_hal_uart.o(.ARM.exidx.text.HAL_LIN_Init), (8 bytes).
    Removing stm32f4xx_hal_uart.o(.text.HAL_MultiProcessor_Init), (126 bytes).
    Removing stm32f4xx_hal_uart.o(.ARM.exidx.text.HAL_MultiProcessor_Init), (8 bytes).
    Removing stm32f4xx_hal_uart.o(.text.HAL_UART_DeInit), (54 bytes).
    Removing stm32f4xx_hal_uart.o(.ARM.exidx.text.HAL_UART_DeInit), (8 bytes).
    Removing stm32f4xx_hal_uart.o(.text.HAL_UART_MspDeInit), (2 bytes).
    Removing stm32f4xx_hal_uart.o(.ARM.exidx.text.HAL_UART_MspDeInit), (8 bytes).
    Removing stm32f4xx_hal_uart.o(.ARM.exidx.text.HAL_UART_Transmit), (8 bytes).
    Removing stm32f4xx_hal_uart.o(.ARM.exidx.text.UART_WaitOnFlagUntilTimeout), (8 bytes).
    Removing stm32f4xx_hal_uart.o(.ARM.exidx.text.HAL_UART_Receive), (8 bytes).
    Removing stm32f4xx_hal_uart.o(.text.HAL_UART_Transmit_IT), (68 bytes).
    Removing stm32f4xx_hal_uart.o(.ARM.exidx.text.HAL_UART_Transmit_IT), (8 bytes).
    Removing stm32f4xx_hal_uart.o(.text.HAL_UART_Receive_IT), (58 bytes).
    Removing stm32f4xx_hal_uart.o(.ARM.exidx.text.HAL_UART_Receive_IT), (8 bytes).
    Removing stm32f4xx_hal_uart.o(.text.UART_Start_Receive_IT), (56 bytes).
    Removing stm32f4xx_hal_uart.o(.ARM.exidx.text.UART_Start_Receive_IT), (8 bytes).
    Removing stm32f4xx_hal_uart.o(.text.HAL_UART_Transmit_DMA), (140 bytes).
    Removing stm32f4xx_hal_uart.o(.ARM.exidx.text.HAL_UART_Transmit_DMA), (8 bytes).
    Removing stm32f4xx_hal_uart.o(.text.UART_DMATransmitCplt), (62 bytes).
    Removing stm32f4xx_hal_uart.o(.ARM.exidx.text.UART_DMATransmitCplt), (8 bytes).
    Removing stm32f4xx_hal_uart.o(.text.UART_DMATxHalfCplt), (6 bytes).
    Removing stm32f4xx_hal_uart.o(.ARM.exidx.text.UART_DMATxHalfCplt), (8 bytes).
    Removing stm32f4xx_hal_uart.o(.text.UART_DMAError), (78 bytes).
    Removing stm32f4xx_hal_uart.o(.ARM.exidx.text.UART_DMAError), (8 bytes).
    Removing stm32f4xx_hal_uart.o(.text.HAL_UART_Receive_DMA), (58 bytes).
    Removing stm32f4xx_hal_uart.o(.ARM.exidx.text.HAL_UART_Receive_DMA), (8 bytes).
    Removing stm32f4xx_hal_uart.o(.text.UART_Start_Receive_DMA), (154 bytes).
    Removing stm32f4xx_hal_uart.o(.ARM.exidx.text.UART_Start_Receive_DMA), (8 bytes).
    Removing stm32f4xx_hal_uart.o(.text.HAL_UART_DMAPause), (150 bytes).
    Removing stm32f4xx_hal_uart.o(.ARM.exidx.text.HAL_UART_DMAPause), (8 bytes).
    Removing stm32f4xx_hal_uart.o(.text.HAL_UART_DMAResume), (148 bytes).
    Removing stm32f4xx_hal_uart.o(.ARM.exidx.text.HAL_UART_DMAResume), (8 bytes).
    Removing stm32f4xx_hal_uart.o(.text.HAL_UART_DMAStop), (120 bytes).
    Removing stm32f4xx_hal_uart.o(.ARM.exidx.text.HAL_UART_DMAStop), (8 bytes).
    Removing stm32f4xx_hal_uart.o(.text.UART_EndTxTransfer), (28 bytes).
    Removing stm32f4xx_hal_uart.o(.ARM.exidx.text.UART_EndTxTransfer), (8 bytes).
    Removing stm32f4xx_hal_uart.o(.text.UART_EndRxTransfer), (80 bytes).
    Removing stm32f4xx_hal_uart.o(.ARM.exidx.text.UART_EndRxTransfer), (8 bytes).
    Removing stm32f4xx_hal_uart.o(.text.HAL_UARTEx_ReceiveToIdle), (304 bytes).
    Removing stm32f4xx_hal_uart.o(.ARM.exidx.text.HAL_UARTEx_ReceiveToIdle), (8 bytes).
    Removing stm32f4xx_hal_uart.o(.text.HAL_UARTEx_ReceiveToIdle_IT), (108 bytes).
    Removing stm32f4xx_hal_uart.o(.ARM.exidx.text.HAL_UARTEx_ReceiveToIdle_IT), (8 bytes).
    Removing stm32f4xx_hal_uart.o(.text.HAL_UARTEx_ReceiveToIdle_DMA), (108 bytes).
    Removing stm32f4xx_hal_uart.o(.ARM.exidx.text.HAL_UARTEx_ReceiveToIdle_DMA), (8 bytes).
    Removing stm32f4xx_hal_uart.o(.text.HAL_UART_Abort), (206 bytes).
    Removing stm32f4xx_hal_uart.o(.ARM.exidx.text.HAL_UART_Abort), (8 bytes).
    Removing stm32f4xx_hal_uart.o(.text.HAL_UART_AbortTransmit), (96 bytes).
    Removing stm32f4xx_hal_uart.o(.ARM.exidx.text.HAL_UART_AbortTransmit), (8 bytes).
    Removing stm32f4xx_hal_uart.o(.text.HAL_UART_AbortReceive), (146 bytes).
    Removing stm32f4xx_hal_uart.o(.ARM.exidx.text.HAL_UART_AbortReceive), (8 bytes).
    Removing stm32f4xx_hal_uart.o(.text.HAL_UART_Abort_IT), (246 bytes).
    Removing stm32f4xx_hal_uart.o(.ARM.exidx.text.HAL_UART_Abort_IT), (8 bytes).
    Removing stm32f4xx_hal_uart.o(.text.UART_DMATxAbortCallback), (42 bytes).
    Removing stm32f4xx_hal_uart.o(.ARM.exidx.text.UART_DMATxAbortCallback), (8 bytes).
    Removing stm32f4xx_hal_uart.o(.text.UART_DMARxAbortCallback), (42 bytes).
    Removing stm32f4xx_hal_uart.o(.ARM.exidx.text.UART_DMARxAbortCallback), (8 bytes).
    Removing stm32f4xx_hal_uart.o(.text.HAL_UART_AbortCpltCallback), (2 bytes).
    Removing stm32f4xx_hal_uart.o(.ARM.exidx.text.HAL_UART_AbortCpltCallback), (8 bytes).
    Removing stm32f4xx_hal_uart.o(.text.HAL_UART_AbortTransmit_IT), (124 bytes).
    Removing stm32f4xx_hal_uart.o(.ARM.exidx.text.HAL_UART_AbortTransmit_IT), (8 bytes).
    Removing stm32f4xx_hal_uart.o(.text.UART_DMATxOnlyAbortCallback), (16 bytes).
    Removing stm32f4xx_hal_uart.o(.ARM.exidx.text.UART_DMATxOnlyAbortCallback), (8 bytes).
    Removing stm32f4xx_hal_uart.o(.text.HAL_UART_AbortTransmitCpltCallback), (2 bytes).
    Removing stm32f4xx_hal_uart.o(.ARM.exidx.text.HAL_UART_AbortTransmitCpltCallback), (8 bytes).
    Removing stm32f4xx_hal_uart.o(.text.HAL_UART_AbortReceive_IT), (178 bytes).
    Removing stm32f4xx_hal_uart.o(.ARM.exidx.text.HAL_UART_AbortReceive_IT), (8 bytes).
    Removing stm32f4xx_hal_uart.o(.text.UART_DMARxOnlyAbortCallback), (18 bytes).
    Removing stm32f4xx_hal_uart.o(.ARM.exidx.text.UART_DMARxOnlyAbortCallback), (8 bytes).
    Removing stm32f4xx_hal_uart.o(.text.HAL_UART_AbortReceiveCpltCallback), (2 bytes).
    Removing stm32f4xx_hal_uart.o(.ARM.exidx.text.HAL_UART_AbortReceiveCpltCallback), (8 bytes).
    Removing stm32f4xx_hal_uart.o(.text.HAL_UART_IRQHandler), (596 bytes).
    Removing stm32f4xx_hal_uart.o(.ARM.exidx.text.HAL_UART_IRQHandler), (8 bytes).
    Removing stm32f4xx_hal_uart.o(.text.UART_Receive_IT), (188 bytes).
    Removing stm32f4xx_hal_uart.o(.ARM.exidx.text.UART_Receive_IT), (8 bytes).
    Removing stm32f4xx_hal_uart.o(.text.UART_DMAAbortOnError), (12 bytes).
    Removing stm32f4xx_hal_uart.o(.ARM.exidx.text.UART_DMAAbortOnError), (8 bytes).
    Removing stm32f4xx_hal_uart.o(.text.HAL_UART_ErrorCallback), (2 bytes).
    Removing stm32f4xx_hal_uart.o(.ARM.exidx.text.HAL_UART_ErrorCallback), (8 bytes).
    Removing stm32f4xx_hal_uart.o(.text.HAL_UARTEx_RxEventCallback), (2 bytes).
    Removing stm32f4xx_hal_uart.o(.ARM.exidx.text.HAL_UARTEx_RxEventCallback), (8 bytes).
    Removing stm32f4xx_hal_uart.o(.text.UART_Transmit_IT), (82 bytes).
    Removing stm32f4xx_hal_uart.o(.ARM.exidx.text.UART_Transmit_IT), (8 bytes).
    Removing stm32f4xx_hal_uart.o(.text.UART_EndTransmit_IT), (20 bytes).
    Removing stm32f4xx_hal_uart.o(.ARM.exidx.text.UART_EndTransmit_IT), (8 bytes).
    Removing stm32f4xx_hal_uart.o(.text.HAL_UART_TxCpltCallback), (2 bytes).
    Removing stm32f4xx_hal_uart.o(.ARM.exidx.text.HAL_UART_TxCpltCallback), (8 bytes).
    Removing stm32f4xx_hal_uart.o(.text.HAL_UART_TxHalfCpltCallback), (2 bytes).
    Removing stm32f4xx_hal_uart.o(.ARM.exidx.text.HAL_UART_TxHalfCpltCallback), (8 bytes).
    Removing stm32f4xx_hal_uart.o(.text.HAL_UART_RxCpltCallback), (2 bytes).
    Removing stm32f4xx_hal_uart.o(.ARM.exidx.text.HAL_UART_RxCpltCallback), (8 bytes).
    Removing stm32f4xx_hal_uart.o(.text.HAL_UART_RxHalfCpltCallback), (2 bytes).
    Removing stm32f4xx_hal_uart.o(.ARM.exidx.text.HAL_UART_RxHalfCpltCallback), (8 bytes).
    Removing stm32f4xx_hal_uart.o(.text.HAL_LIN_SendBreak), (64 bytes).
    Removing stm32f4xx_hal_uart.o(.ARM.exidx.text.HAL_LIN_SendBreak), (8 bytes).
    Removing stm32f4xx_hal_uart.o(.text.HAL_MultiProcessor_EnterMuteMode), (64 bytes).
    Removing stm32f4xx_hal_uart.o(.ARM.exidx.text.HAL_MultiProcessor_EnterMuteMode), (8 bytes).
    Removing stm32f4xx_hal_uart.o(.text.HAL_MultiProcessor_ExitMuteMode), (64 bytes).
    Removing stm32f4xx_hal_uart.o(.ARM.exidx.text.HAL_MultiProcessor_ExitMuteMode), (8 bytes).
    Removing stm32f4xx_hal_uart.o(.text.HAL_HalfDuplex_EnableTransmitter), (44 bytes).
    Removing stm32f4xx_hal_uart.o(.ARM.exidx.text.HAL_HalfDuplex_EnableTransmitter), (8 bytes).
    Removing stm32f4xx_hal_uart.o(.text.HAL_HalfDuplex_EnableReceiver), (48 bytes).
    Removing stm32f4xx_hal_uart.o(.ARM.exidx.text.HAL_HalfDuplex_EnableReceiver), (8 bytes).
    Removing stm32f4xx_hal_uart.o(.text.HAL_UART_GetState), (14 bytes).
    Removing stm32f4xx_hal_uart.o(.ARM.exidx.text.HAL_UART_GetState), (8 bytes).
    Removing stm32f4xx_hal_uart.o(.text.HAL_UART_GetError), (4 bytes).
    Removing stm32f4xx_hal_uart.o(.ARM.exidx.text.HAL_UART_GetError), (8 bytes).
    Removing stm32f4xx_hal_uart.o(.text.UART_DMAReceiveCplt), (124 bytes).
    Removing stm32f4xx_hal_uart.o(.ARM.exidx.text.UART_DMAReceiveCplt), (8 bytes).
    Removing stm32f4xx_hal_uart.o(.text.UART_DMARxHalfCplt), (20 bytes).
    Removing stm32f4xx_hal_uart.o(.ARM.exidx.text.UART_DMARxHalfCplt), (8 bytes).
    Removing stm32f4xx_hal_usart.o(.text), (0 bytes).
    Removing stm32f4xx_hal_usart.o(.text.HAL_USART_Init), (80 bytes).
    Removing stm32f4xx_hal_usart.o(.ARM.exidx.text.HAL_USART_Init), (8 bytes).
    Removing stm32f4xx_hal_usart.o(.text.HAL_USART_MspInit), (2 bytes).
    Removing stm32f4xx_hal_usart.o(.ARM.exidx.text.HAL_USART_MspInit), (8 bytes).
    Removing stm32f4xx_hal_usart.o(.text.USART_SetConfig), (180 bytes).
    Removing stm32f4xx_hal_usart.o(.ARM.exidx.text.USART_SetConfig), (8 bytes).
    Removing stm32f4xx_hal_usart.o(.text.HAL_USART_DeInit), (48 bytes).
    Removing stm32f4xx_hal_usart.o(.ARM.exidx.text.HAL_USART_DeInit), (8 bytes).
    Removing stm32f4xx_hal_usart.o(.text.HAL_USART_MspDeInit), (2 bytes).
    Removing stm32f4xx_hal_usart.o(.ARM.exidx.text.HAL_USART_MspDeInit), (8 bytes).
    Removing stm32f4xx_hal_usart.o(.text.HAL_USART_Transmit), (192 bytes).
    Removing stm32f4xx_hal_usart.o(.ARM.exidx.text.HAL_USART_Transmit), (8 bytes).
    Removing stm32f4xx_hal_usart.o(.text.USART_WaitOnFlagUntilTimeout), (114 bytes).
    Removing stm32f4xx_hal_usart.o(.ARM.exidx.text.USART_WaitOnFlagUntilTimeout), (8 bytes).
    Removing stm32f4xx_hal_usart.o(.text.HAL_USART_Receive), (236 bytes).
    Removing stm32f4xx_hal_usart.o(.ARM.exidx.text.HAL_USART_Receive), (8 bytes).
    Removing stm32f4xx_hal_usart.o(.text.HAL_USART_TransmitReceive), (340 bytes).
    Removing stm32f4xx_hal_usart.o(.ARM.exidx.text.HAL_USART_TransmitReceive), (8 bytes).
    Removing stm32f4xx_hal_usart.o(.text.HAL_USART_Transmit_IT), (68 bytes).
    Removing stm32f4xx_hal_usart.o(.ARM.exidx.text.HAL_USART_Transmit_IT), (8 bytes).
    Removing stm32f4xx_hal_usart.o(.text.HAL_USART_Receive_IT), (96 bytes).
    Removing stm32f4xx_hal_usart.o(.ARM.exidx.text.HAL_USART_Receive_IT), (8 bytes).
    Removing stm32f4xx_hal_usart.o(.text.HAL_USART_TransmitReceive_IT), (120 bytes).
    Removing stm32f4xx_hal_usart.o(.ARM.exidx.text.HAL_USART_TransmitReceive_IT), (8 bytes).
    Removing stm32f4xx_hal_usart.o(.text.HAL_USART_Transmit_DMA), (126 bytes).
    Removing stm32f4xx_hal_usart.o(.ARM.exidx.text.HAL_USART_Transmit_DMA), (8 bytes).
    Removing stm32f4xx_hal_usart.o(.text.USART_DMATransmitCplt), (58 bytes).
    Removing stm32f4xx_hal_usart.o(.ARM.exidx.text.USART_DMATransmitCplt), (8 bytes).
    Removing stm32f4xx_hal_usart.o(.text.USART_DMATxHalfCplt), (6 bytes).
    Removing stm32f4xx_hal_usart.o(.ARM.exidx.text.USART_DMATxHalfCplt), (8 bytes).
    Removing stm32f4xx_hal_usart.o(.text.USART_DMAError), (82 bytes).
    Removing stm32f4xx_hal_usart.o(.ARM.exidx.text.USART_DMAError), (8 bytes).
    Removing stm32f4xx_hal_usart.o(.text.HAL_USART_Receive_DMA), (196 bytes).
    Removing stm32f4xx_hal_usart.o(.ARM.exidx.text.HAL_USART_Receive_DMA), (8 bytes).
    Removing stm32f4xx_hal_usart.o(.text.USART_DMAReceiveCplt), (108 bytes).
    Removing stm32f4xx_hal_usart.o(.ARM.exidx.text.USART_DMAReceiveCplt), (8 bytes).
    Removing stm32f4xx_hal_usart.o(.text.USART_DMARxHalfCplt), (6 bytes).
    Removing stm32f4xx_hal_usart.o(.ARM.exidx.text.USART_DMARxHalfCplt), (8 bytes).
    Removing stm32f4xx_hal_usart.o(.text.HAL_USART_TransmitReceive_DMA), (244 bytes).
    Removing stm32f4xx_hal_usart.o(.ARM.exidx.text.HAL_USART_TransmitReceive_DMA), (8 bytes).
    Removing stm32f4xx_hal_usart.o(.text.HAL_USART_DMAPause), (34 bytes).
    Removing stm32f4xx_hal_usart.o(.ARM.exidx.text.HAL_USART_DMAPause), (8 bytes).
    Removing stm32f4xx_hal_usart.o(.text.HAL_USART_DMAResume), (34 bytes).
    Removing stm32f4xx_hal_usart.o(.ARM.exidx.text.HAL_USART_DMAResume), (8 bytes).
    Removing stm32f4xx_hal_usart.o(.text.HAL_USART_DMAStop), (96 bytes).
    Removing stm32f4xx_hal_usart.o(.ARM.exidx.text.HAL_USART_DMAStop), (8 bytes).
    Removing stm32f4xx_hal_usart.o(.text.USART_EndTxTransfer), (18 bytes).
    Removing stm32f4xx_hal_usart.o(.ARM.exidx.text.USART_EndTxTransfer), (8 bytes).
    Removing stm32f4xx_hal_usart.o(.text.USART_EndRxTransfer), (26 bytes).
    Removing stm32f4xx_hal_usart.o(.ARM.exidx.text.USART_EndRxTransfer), (8 bytes).
    Removing stm32f4xx_hal_usart.o(.text.HAL_USART_Abort), (94 bytes).
    Removing stm32f4xx_hal_usart.o(.ARM.exidx.text.HAL_USART_Abort), (8 bytes).
    Removing stm32f4xx_hal_usart.o(.text.HAL_USART_Abort_IT), (160 bytes).
    Removing stm32f4xx_hal_usart.o(.ARM.exidx.text.HAL_USART_Abort_IT), (8 bytes).
    Removing stm32f4xx_hal_usart.o(.text.USART_DMATxAbortCallback), (36 bytes).
    Removing stm32f4xx_hal_usart.o(.ARM.exidx.text.USART_DMATxAbortCallback), (8 bytes).
    Removing stm32f4xx_hal_usart.o(.text.USART_DMARxAbortCallback), (36 bytes).
    Removing stm32f4xx_hal_usart.o(.ARM.exidx.text.USART_DMARxAbortCallback), (8 bytes).
    Removing stm32f4xx_hal_usart.o(.text.HAL_USART_AbortCpltCallback), (2 bytes).
    Removing stm32f4xx_hal_usart.o(.ARM.exidx.text.HAL_USART_AbortCpltCallback), (8 bytes).
    Removing stm32f4xx_hal_usart.o(.text.HAL_USART_IRQHandler), (324 bytes).
    Removing stm32f4xx_hal_usart.o(.ARM.exidx.text.HAL_USART_IRQHandler), (8 bytes).
    Removing stm32f4xx_hal_usart.o(.text.USART_Receive_IT), (126 bytes).
    Removing stm32f4xx_hal_usart.o(.ARM.exidx.text.USART_Receive_IT), (8 bytes).
    Removing stm32f4xx_hal_usart.o(.text.USART_TransmitReceive_IT), (194 bytes).
    Removing stm32f4xx_hal_usart.o(.ARM.exidx.text.USART_TransmitReceive_IT), (8 bytes).
    Removing stm32f4xx_hal_usart.o(.text.USART_DMAAbortOnError), (12 bytes).
    Removing stm32f4xx_hal_usart.o(.ARM.exidx.text.USART_DMAAbortOnError), (8 bytes).
    Removing stm32f4xx_hal_usart.o(.text.HAL_USART_ErrorCallback), (2 bytes).
    Removing stm32f4xx_hal_usart.o(.ARM.exidx.text.HAL_USART_ErrorCallback), (8 bytes).
    Removing stm32f4xx_hal_usart.o(.text.USART_Transmit_IT), (82 bytes).
    Removing stm32f4xx_hal_usart.o(.ARM.exidx.text.USART_Transmit_IT), (8 bytes).
    Removing stm32f4xx_hal_usart.o(.text.USART_EndTransmit_IT), (28 bytes).
    Removing stm32f4xx_hal_usart.o(.ARM.exidx.text.USART_EndTransmit_IT), (8 bytes).
    Removing stm32f4xx_hal_usart.o(.text.HAL_USART_TxCpltCallback), (2 bytes).
    Removing stm32f4xx_hal_usart.o(.ARM.exidx.text.HAL_USART_TxCpltCallback), (8 bytes).
    Removing stm32f4xx_hal_usart.o(.text.HAL_USART_TxHalfCpltCallback), (2 bytes).
    Removing stm32f4xx_hal_usart.o(.ARM.exidx.text.HAL_USART_TxHalfCpltCallback), (8 bytes).
    Removing stm32f4xx_hal_usart.o(.text.HAL_USART_RxCpltCallback), (2 bytes).
    Removing stm32f4xx_hal_usart.o(.ARM.exidx.text.HAL_USART_RxCpltCallback), (8 bytes).
    Removing stm32f4xx_hal_usart.o(.text.HAL_USART_RxHalfCpltCallback), (2 bytes).
    Removing stm32f4xx_hal_usart.o(.ARM.exidx.text.HAL_USART_RxHalfCpltCallback), (8 bytes).
    Removing stm32f4xx_hal_usart.o(.text.HAL_USART_TxRxCpltCallback), (2 bytes).
    Removing stm32f4xx_hal_usart.o(.ARM.exidx.text.HAL_USART_TxRxCpltCallback), (8 bytes).
    Removing stm32f4xx_hal_usart.o(.text.HAL_USART_GetState), (6 bytes).
    Removing stm32f4xx_hal_usart.o(.ARM.exidx.text.HAL_USART_GetState), (8 bytes).
    Removing stm32f4xx_hal_usart.o(.text.HAL_USART_GetError), (4 bytes).
    Removing stm32f4xx_hal_usart.o(.ARM.exidx.text.HAL_USART_GetError), (8 bytes).
    Removing system_stm32f4xx.o(.text), (0 bytes).
    Removing system_stm32f4xx.o(.ARM.exidx.text.SystemInit), (8 bytes).
    Removing system_stm32f4xx.o(.text.SystemCoreClockUpdate), (126 bytes).
    Removing system_stm32f4xx.o(.ARM.exidx.text.SystemCoreClockUpdate), (8 bytes).
    Removing system_stm32f4xx.o(.rodata.AHBPrescTable), (16 bytes).

585 unused section(s) (total 25036 bytes) removed from the image.

==============================================================================

Image Symbol Table

    Local Symbols

    Symbol Name                              Value     Ov Type        Size  Object(Section)

    ../clib/angel/boardlib.s                 0x00000000   Number         0  boardinit1.o ABSOLUTE
    ../clib/angel/boardlib.s                 0x00000000   Number         0  boardinit2.o ABSOLUTE
    ../clib/angel/boardlib.s                 0x00000000   Number         0  boardinit3.o ABSOLUTE
    ../clib/angel/boardlib.s                 0x00000000   Number         0  boardshut.o ABSOLUTE
    ../clib/angel/handlers.s                 0x00000000   Number         0  __scatter_copy.o ABSOLUTE
    ../clib/angel/handlers.s                 0x00000000   Number         0  __scatter_zi.o ABSOLUTE
    ../clib/angel/kernel.s                   0x00000000   Number         0  __rtentry.o ABSOLUTE
    ../clib/angel/kernel.s                   0x00000000   Number         0  __rtentry2.o ABSOLUTE
    ../clib/angel/kernel.s                   0x00000000   Number         0  __rtentry4.o ABSOLUTE
    ../clib/angel/kernel.s                   0x00000000   Number         0  rtexit.o ABSOLUTE
    ../clib/angel/kernel.s                   0x00000000   Number         0  rtexit2.o ABSOLUTE
    ../clib/angel/rt.s                       0x00000000   Number         0  aeabi_ldiv0.o ABSOLUTE
    ../clib/angel/rt.s                       0x00000000   Number         0  aeabi_ldiv0_sigfpe.o ABSOLUTE
    ../clib/angel/rt.s                       0x00000000   Number         0  rt_div0.o ABSOLUTE
    ../clib/angel/rt.s                       0x00000000   Number         0  rt_raise.o ABSOLUTE
    ../clib/angel/scatter.s                  0x00000000   Number         0  __scatter.o ABSOLUTE
    ../clib/angel/startup.s                  0x00000000   Number         0  __main.o ABSOLUTE
    ../clib/angel/sys.s                      0x00000000   Number         0  sys_stackheap_outer.o ABSOLUTE
    ../clib/angel/sys.s                      0x00000000   Number         0  libspace.o ABSOLUTE
    ../clib/angel/sys.s                      0x00000000   Number         0  use_no_semi.o ABSOLUTE
    ../clib/angel/sys.s                      0x00000000   Number         0  indicate_semi.o ABSOLUTE
    ../clib/angel/sysapp.c                   0x00000000   Number         0  sys_exit.o ABSOLUTE
    ../clib/angel/sysapp.c                   0x00000000   Number         0  sys_exit_hlt.o ABSOLUTE
    ../clib/angel/sysapp.c                   0x00000000   Number         0  sys_wrch.o ABSOLUTE
    ../clib/angel/sysapp.c                   0x00000000   Number         0  sys_wrch_hlt.o ABSOLUTE
    ../clib/angel/sysapp.c                   0x00000000   Number         0  sys_command.o ABSOLUTE
    ../clib/angel/sysapp.c                   0x00000000   Number         0  sys_command_hlt.o ABSOLUTE
    ../clib/armsys.c                         0x00000000   Number         0  argv_veneer.o ABSOLUTE
    ../clib/armsys.c                         0x00000000   Number         0  argv_veneer.o ABSOLUTE
    ../clib/armsys.c                         0x00000000   Number         0  _get_argv_nomalloc.o ABSOLUTE
    ../clib/armsys.c                         0x00000000   Number         0  no_argv.o ABSOLUTE
    ../clib/heapalloc.c                      0x00000000   Number         0  hrguard.o ABSOLUTE
    ../clib/heapaux.c                        0x00000000   Number         0  heapauxi.o ABSOLUTE
    ../clib/libinit.s                        0x00000000   Number         0  libinit.o ABSOLUTE
    ../clib/libinit.s                        0x00000000   Number         0  libinit2.o ABSOLUTE
    ../clib/libinit.s                        0x00000000   Number         0  libshutdown.o ABSOLUTE
    ../clib/libinit.s                        0x00000000   Number         0  libshutdown2.o ABSOLUTE
    ../clib/longlong.s                       0x00000000   Number         0  lludivv7m.o ABSOLUTE
    ../clib/signal.c                         0x00000000   Number         0  defsig_fpe_outer.o ABSOLUTE
    ../clib/signal.c                         0x00000000   Number         0  defsig_fpe_formal.o ABSOLUTE
    ../clib/signal.c                         0x00000000   Number         0  defsig_exit.o ABSOLUTE
    ../clib/signal.c                         0x00000000   Number         0  defsig_fpe_inner.o ABSOLUTE
    ../clib/signal.c                         0x00000000   Number         0  __raise.o ABSOLUTE
    ../clib/signal.c                         0x00000000   Number         0  defsig_general.o ABSOLUTE
    ../clib/signal.c                         0x00000000   Number         0  defsig_abrt_inner.o ABSOLUTE
    ../clib/signal.c                         0x00000000   Number         0  defsig_rtred_inner.o ABSOLUTE
    ../clib/signal.c                         0x00000000   Number         0  defsig_rtmem_inner.o ABSOLUTE
    ../clib/signal.c                         0x00000000   Number         0  defsig_rtmem_outer.o ABSOLUTE
    ../clib/signal.c                         0x00000000   Number         0  defsig_rtmem_formal.o ABSOLUTE
    ../clib/signal.c                         0x00000000   Number         0  defsig_stak_inner.o ABSOLUTE
    ../clib/signal.c                         0x00000000   Number         0  defsig_pvfn_inner.o ABSOLUTE
    ../clib/signal.c                         0x00000000   Number         0  defsig_cppl_inner.o ABSOLUTE
    ../clib/signal.c                         0x00000000   Number         0  defsig_segv_inner.o ABSOLUTE
    ../clib/signal.c                         0x00000000   Number         0  defsig_other.o ABSOLUTE
    ../clib/signal.s                         0x00000000   Number         0  defsig.o ABSOLUTE
    ../clib/stdlib.c                         0x00000000   Number         0  exit.o ABSOLUTE
    ../clib/string.c                         0x00000000   Number         0  strlen.o ABSOLUTE
    ../fplib/fpinit.s                        0x00000000   Number         0  fpinit.o ABSOLUTE
    RTE\Device\STM32F407VGTx\startup_stm32f407xx.s 0x00000000   Number         0  startup_stm32f407xx.o ABSOLUTE
    Receiver.c                               0x00000000   Number         0  receiver.o ABSOLUTE
    dc.s                                     0x00000000   Number         0  dc.o ABSOLUTE
    stm32f4xx_hal.c                          0x00000000   Number         0  stm32f4xx_hal.o ABSOLUTE
    stm32f4xx_hal_cortex.c                   0x00000000   Number         0  stm32f4xx_hal_cortex.o ABSOLUTE
    stm32f4xx_hal_dma.c                      0x00000000   Number         0  stm32f4xx_hal_dma.o ABSOLUTE
    stm32f4xx_hal_dma_ex.c                   0x00000000   Number         0  stm32f4xx_hal_dma_ex.o ABSOLUTE
    stm32f4xx_hal_gpio.c                     0x00000000   Number         0  stm32f4xx_hal_gpio.o ABSOLUTE
    stm32f4xx_hal_pwr.c                      0x00000000   Number         0  stm32f4xx_hal_pwr.o ABSOLUTE
    stm32f4xx_hal_pwr_ex.c                   0x00000000   Number         0  stm32f4xx_hal_pwr_ex.o ABSOLUTE
    stm32f4xx_hal_rcc.c                      0x00000000   Number         0  stm32f4xx_hal_rcc.o ABSOLUTE
    stm32f4xx_hal_rcc_ex.c                   0x00000000   Number         0  stm32f4xx_hal_rcc_ex.o ABSOLUTE
    stm32f4xx_hal_spi.c                      0x00000000   Number         0  stm32f4xx_hal_spi.o ABSOLUTE
    stm32f4xx_hal_uart.c                     0x00000000   Number         0  stm32f4xx_hal_uart.o ABSOLUTE
    stm32f4xx_hal_usart.c                    0x00000000   Number         0  stm32f4xx_hal_usart.o ABSOLUTE
    system_stm32f4xx.c                       0x00000000   Number         0  system_stm32f4xx.o ABSOLUTE
    RESET                                    0x08000000   Section      392  startup_stm32f407xx.o(RESET)
    !!!main                                  0x08000188   Section        8  __main.o(!!!main)
    !!!scatter                               0x08000190   Section       52  __scatter.o(!!!scatter)
    !!handler_copy                           0x080001c4   Section       26  __scatter_copy.o(!!handler_copy)
    !!handler_zi                             0x080001e0   Section       28  __scatter_zi.o(!!handler_zi)
    .ARM.Collect$$libinit$$00000000          0x080001fc   Section        2  libinit.o(.ARM.Collect$$libinit$$00000000)
    .ARM.Collect$$libinit$$00000001          0x080001fe   Section        4  libinit2.o(.ARM.Collect$$libinit$$00000001)
    .ARM.Collect$$libinit$$00000004          0x08000202   Section        0  libinit2.o(.ARM.Collect$$libinit$$00000004)
    .ARM.Collect$$libinit$$0000000A          0x08000202   Section        0  libinit2.o(.ARM.Collect$$libinit$$0000000A)
    .ARM.Collect$$libinit$$0000000C          0x08000202   Section        0  libinit2.o(.ARM.Collect$$libinit$$0000000C)
    .ARM.Collect$$libinit$$0000000E          0x08000202   Section        0  libinit2.o(.ARM.Collect$$libinit$$0000000E)
    .ARM.Collect$$libinit$$00000011          0x08000202   Section        0  libinit2.o(.ARM.Collect$$libinit$$00000011)
    .ARM.Collect$$libinit$$00000013          0x08000202   Section        0  libinit2.o(.ARM.Collect$$libinit$$00000013)
    .ARM.Collect$$libinit$$00000015          0x08000202   Section        0  libinit2.o(.ARM.Collect$$libinit$$00000015)
    .ARM.Collect$$libinit$$00000017          0x08000202   Section        0  libinit2.o(.ARM.Collect$$libinit$$00000017)
    .ARM.Collect$$libinit$$00000019          0x08000202   Section        0  libinit2.o(.ARM.Collect$$libinit$$00000019)
    .ARM.Collect$$libinit$$0000001B          0x08000202   Section        0  libinit2.o(.ARM.Collect$$libinit$$0000001B)
    .ARM.Collect$$libinit$$0000001D          0x08000202   Section        0  libinit2.o(.ARM.Collect$$libinit$$0000001D)
    .ARM.Collect$$libinit$$0000001F          0x08000202   Section        0  libinit2.o(.ARM.Collect$$libinit$$0000001F)
    .ARM.Collect$$libinit$$00000021          0x08000202   Section        0  libinit2.o(.ARM.Collect$$libinit$$00000021)
    .ARM.Collect$$libinit$$00000023          0x08000202   Section        0  libinit2.o(.ARM.Collect$$libinit$$00000023)
    .ARM.Collect$$libinit$$00000025          0x08000202   Section        0  libinit2.o(.ARM.Collect$$libinit$$00000025)
    .ARM.Collect$$libinit$$0000002C          0x08000202   Section        0  libinit2.o(.ARM.Collect$$libinit$$0000002C)
    .ARM.Collect$$libinit$$0000002E          0x08000202   Section        0  libinit2.o(.ARM.Collect$$libinit$$0000002E)
    .ARM.Collect$$libinit$$00000030          0x08000202   Section        0  libinit2.o(.ARM.Collect$$libinit$$00000030)
    .ARM.Collect$$libinit$$00000032          0x08000202   Section        0  libinit2.o(.ARM.Collect$$libinit$$00000032)
    .ARM.Collect$$libinit$$00000033          0x08000202   Section        2  libinit2.o(.ARM.Collect$$libinit$$00000033)
    .ARM.Collect$$libshutdown$$00000000      0x08000204   Section        2  libshutdown.o(.ARM.Collect$$libshutdown$$00000000)
    .ARM.Collect$$libshutdown$$00000002      0x08000206   Section        0  libshutdown2.o(.ARM.Collect$$libshutdown$$00000002)
    .ARM.Collect$$libshutdown$$00000004      0x08000206   Section        0  libshutdown2.o(.ARM.Collect$$libshutdown$$00000004)
    .ARM.Collect$$libshutdown$$00000007      0x08000206   Section        0  libshutdown2.o(.ARM.Collect$$libshutdown$$00000007)
    .ARM.Collect$$libshutdown$$0000000A      0x08000206   Section        0  libshutdown2.o(.ARM.Collect$$libshutdown$$0000000A)
    .ARM.Collect$$libshutdown$$0000000C      0x08000206   Section        0  libshutdown2.o(.ARM.Collect$$libshutdown$$0000000C)
    .ARM.Collect$$libshutdown$$0000000F      0x08000206   Section        0  libshutdown2.o(.ARM.Collect$$libshutdown$$0000000F)
    .ARM.Collect$$libshutdown$$00000010      0x08000206   Section        2  libshutdown2.o(.ARM.Collect$$libshutdown$$00000010)
    .ARM.Collect$$rtentry$$00000000          0x08000208   Section        0  __rtentry.o(.ARM.Collect$$rtentry$$00000000)
    .ARM.Collect$$rtentry$$00000002          0x08000208   Section        0  __rtentry2.o(.ARM.Collect$$rtentry$$00000002)
    .ARM.Collect$$rtentry$$00000004          0x08000208   Section        6  __rtentry4.o(.ARM.Collect$$rtentry$$00000004)
    .ARM.Collect$$rtentry$$00000009          0x0800020e   Section        0  __rtentry2.o(.ARM.Collect$$rtentry$$00000009)
    .ARM.Collect$$rtentry$$0000000A          0x0800020e   Section        4  __rtentry2.o(.ARM.Collect$$rtentry$$0000000A)
    .ARM.Collect$$rtentry$$0000000C          0x08000212   Section        0  __rtentry2.o(.ARM.Collect$$rtentry$$0000000C)
    .ARM.Collect$$rtentry$$0000000D          0x08000212   Section        8  __rtentry2.o(.ARM.Collect$$rtentry$$0000000D)
    .ARM.Collect$$rtexit$$00000000           0x0800021a   Section        2  rtexit.o(.ARM.Collect$$rtexit$$00000000)
    .ARM.Collect$$rtexit$$00000002           0x0800021c   Section        0  rtexit2.o(.ARM.Collect$$rtexit$$00000002)
    .ARM.Collect$$rtexit$$00000003           0x0800021c   Section        4  rtexit2.o(.ARM.Collect$$rtexit$$00000003)
    .ARM.Collect$$rtexit$$00000004           0x08000220   Section        6  rtexit2.o(.ARM.Collect$$rtexit$$00000004)
    $v0                                      0x08000228   Number         0  startup_stm32f407xx.o(.text)
    .text                                    0x08000228   Section       64  startup_stm32f407xx.o(.text)
    .text                                    0x08000268   Section      240  lludivv7m.o(.text)
    .text                                    0x08000358   Section        0  strlen.o(.text)
    .text                                    0x08000396   Section        0  heapauxi.o(.text)
    .text                                    0x0800039c   Section       74  sys_stackheap_outer.o(.text)
    .text                                    0x080003e6   Section        0  exit.o(.text)
    .text                                    0x080003f8   Section        8  libspace.o(.text)
    .text                                    0x08000400   Section        0  sys_exit.o(.text)
    .text                                    0x0800040c   Section        2  use_no_semi.o(.text)
    .text                                    0x0800040e   Section        0  indicate_semi.o(.text)
    [Anonymous Symbol]                       0x08000410   Section        0  stm32f4xx_hal_gpio.o(.text.HAL_GPIO_Init)
    [Anonymous Symbol]                       0x080005bc   Section        0  stm32f4xx_hal.o(.text.HAL_GetTick)
    [Anonymous Symbol]                       0x080005c8   Section        0  stm32f4xx_hal.o(.text.HAL_IncTick)
    [Anonymous Symbol]                       0x080005e4   Section        0  stm32f4xx_hal.o(.text.HAL_Init)
    [Anonymous Symbol]                       0x08000614   Section        0  stm32f4xx_hal.o(.text.HAL_InitTick)
    [Anonymous Symbol]                       0x08000664   Section        0  stm32f4xx_hal.o(.text.HAL_MspInit)
    [Anonymous Symbol]                       0x08000668   Section        0  stm32f4xx_hal_cortex.o(.text.HAL_NVIC_SetPriority)
    [Anonymous Symbol]                       0x08000688   Section        0  stm32f4xx_hal_cortex.o(.text.HAL_NVIC_SetPriorityGrouping)
    [Anonymous Symbol]                       0x0800068c   Section        0  stm32f4xx_hal_rcc.o(.text.HAL_RCC_GetHCLKFreq)
    [Anonymous Symbol]                       0x08000698   Section        0  stm32f4xx_hal_rcc.o(.text.HAL_RCC_GetPCLK1Freq)
    [Anonymous Symbol]                       0x080006bc   Section        0  stm32f4xx_hal_rcc.o(.text.HAL_RCC_GetPCLK2Freq)
    [Anonymous Symbol]                       0x080006e0   Section        0  stm32f4xx_hal_cortex.o(.text.HAL_SYSTICK_Callback)
    [Anonymous Symbol]                       0x080006e4   Section        0  stm32f4xx_hal_cortex.o(.text.HAL_SYSTICK_Config)
    [Anonymous Symbol]                       0x080006e8   Section        0  stm32f4xx_hal_cortex.o(.text.HAL_SYSTICK_IRQHandler)
    [Anonymous Symbol]                       0x080006ec   Section        0  stm32f4xx_hal_uart.o(.text.HAL_UART_Init)
    [Anonymous Symbol]                       0x0800074c   Section        0  stm32f4xx_hal_uart.o(.text.HAL_UART_MspInit)
    [Anonymous Symbol]                       0x08000750   Section        0  stm32f4xx_hal_uart.o(.text.HAL_UART_Receive)
    [Anonymous Symbol]                       0x0800082c   Section        0  stm32f4xx_hal_uart.o(.text.HAL_UART_Transmit)
    NVIC_EncodePriority                      0x080008f9   Thumb Code    44  stm32f4xx_hal_cortex.o(.text.NVIC_EncodePriority)
    [Anonymous Symbol]                       0x080008f8   Section        0  stm32f4xx_hal_cortex.o(.text.NVIC_EncodePriority)
    SysTick_Config                           0x08000925   Thumb Code    48  stm32f4xx_hal_cortex.o(.text.SysTick_Config)
    [Anonymous Symbol]                       0x08000924   Section        0  stm32f4xx_hal_cortex.o(.text.SysTick_Config)
    [Anonymous Symbol]                       0x08000954   Section        0  receiver.o(.text.SysTick_Handler)
    [Anonymous Symbol]                       0x08000964   Section        0  system_stm32f4xx.o(.text.SystemInit)
    [Anonymous Symbol]                       0x08000978   Section        0  receiver.o(.text.UART2_Configuration)
    UART_SetConfig                           0x080009f5   Thumb Code   220  stm32f4xx_hal_uart.o(.text.UART_SetConfig)
    [Anonymous Symbol]                       0x080009f4   Section        0  stm32f4xx_hal_uart.o(.text.UART_SetConfig)
    UART_WaitOnFlagUntilTimeout              0x08000ad1   Thumb Code   124  stm32f4xx_hal_uart.o(.text.UART_WaitOnFlagUntilTimeout)
    [Anonymous Symbol]                       0x08000ad0   Section        0  stm32f4xx_hal_uart.o(.text.UART_WaitOnFlagUntilTimeout)
    __NVIC_GetPriorityGrouping               0x08000b4d   Thumb Code    16  stm32f4xx_hal_cortex.o(.text.__NVIC_GetPriorityGrouping)
    [Anonymous Symbol]                       0x08000b4c   Section        0  stm32f4xx_hal_cortex.o(.text.__NVIC_GetPriorityGrouping)
    __NVIC_SetPriority                       0x08000b5d   Thumb Code    34  stm32f4xx_hal_cortex.o(.text.__NVIC_SetPriority)
    [Anonymous Symbol]                       0x08000b5c   Section        0  stm32f4xx_hal_cortex.o(.text.__NVIC_SetPriority)
    __NVIC_SetPriorityGrouping               0x08000b81   Thumb Code    32  stm32f4xx_hal_cortex.o(.text.__NVIC_SetPriorityGrouping)
    [Anonymous Symbol]                       0x08000b80   Section        0  stm32f4xx_hal_cortex.o(.text.__NVIC_SetPriorityGrouping)
    [Anonymous Symbol]                       0x08000ba0   Section        0  receiver.o(.text.main)
    $v0                                      0x08000bee   Number         0  fpinit.o(x$fpl$fpinit)
    x$fpl$fpinit                             0x08000bee   Section       26  fpinit.o(x$fpl$fpinit)
    .bss                                     0x20000030   Section       96  libspace.o(.bss)
    Heap_Mem                                 0x200000d8   Data         512  startup_stm32f407xx.o(HEAP)
    HEAP                                     0x200000d8   Section      512  startup_stm32f407xx.o(HEAP)
    Stack_Mem                                0x200002d8   Data        1024  startup_stm32f407xx.o(STACK)
    STACK                                    0x200002d8   Section     1024  startup_stm32f407xx.o(STACK)
    __initial_sp                             0x200006d8   Data           0  startup_stm32f407xx.o(STACK)

    Global Symbols

    Symbol Name                              Value     Ov Type        Size  Object(Section)

    BuildAttributes$$THM_ISAv4$E$P$D$K$B$S$7EM$VFPi3$EXTD16$VFPS$VFMA$PE$A:L22UL41UL21$X:L11$S22US41US21$IEEE1$IW$~IW$USESV6$~STKCKD$USESV7$~SHL$OTIME$ROPI$EBA8$UX$STANDARDLIB$REQ8$PRES8$EABIv2 0x00000000   Number         0  anon$$obj.o ABSOLUTE
    __ARM_exceptions_init                     - Undefined Weak Reference
    __alloca_initialize                       - Undefined Weak Reference
    __arm_preinit_                            - Undefined Weak Reference
    __cpp_initialize__aeabi_                  - Undefined Weak Reference
    __cxa_finalize                            - Undefined Weak Reference
    __rt_locale                               - Undefined Weak Reference
    __sigvec_lookup                           - Undefined Weak Reference
    _atexit_init                              - Undefined Weak Reference
    _call_atexit_fns                          - Undefined Weak Reference
    _clock_init                               - Undefined Weak Reference
    _fp_trap_init                             - Undefined Weak Reference
    _fp_trap_shutdown                         - Undefined Weak Reference
    _get_lc_collate                           - Undefined Weak Reference
    _get_lc_ctype                             - Undefined Weak Reference
    _get_lc_monetary                          - Undefined Weak Reference
    _get_lc_numeric                           - Undefined Weak Reference
    _get_lc_time                              - Undefined Weak Reference
    _getenv_init                              - Undefined Weak Reference
    _handle_redirection                       - Undefined Weak Reference
    _init_alloc                               - Undefined Weak Reference
    _init_user_alloc                          - Undefined Weak Reference
    _initio                                   - Undefined Weak Reference
    _rand_init                                - Undefined Weak Reference
    _signal_finish                            - Undefined Weak Reference
    _signal_init                              - Undefined Weak Reference
    _terminate_alloc                          - Undefined Weak Reference
    _terminate_user_alloc                     - Undefined Weak Reference
    _terminateio                              - Undefined Weak Reference
    __Vectors_Size                           0x00000188   Number         0  startup_stm32f407xx.o ABSOLUTE
    __Vectors                                0x08000000   Data           4  startup_stm32f407xx.o(RESET)
    __Vectors_End                            0x08000188   Data           0  startup_stm32f407xx.o(RESET)
    __main                                   0x08000189   Thumb Code     8  __main.o(!!!main)
    __scatterload                            0x08000191   Thumb Code     0  __scatter.o(!!!scatter)
    __scatterload_rt2                        0x08000191   Thumb Code    44  __scatter.o(!!!scatter)
    __scatterload_rt2_thumb_only             0x08000191   Thumb Code     0  __scatter.o(!!!scatter)
    __scatterload_null                       0x0800019f   Thumb Code     0  __scatter.o(!!!scatter)
    __scatterload_copy                       0x080001c5   Thumb Code    26  __scatter_copy.o(!!handler_copy)
    __scatterload_zeroinit                   0x080001e1   Thumb Code    28  __scatter_zi.o(!!handler_zi)
    __rt_lib_init                            0x080001fd   Thumb Code     0  libinit.o(.ARM.Collect$$libinit$$00000000)
    __rt_lib_init_fp_1                       0x080001ff   Thumb Code     0  libinit2.o(.ARM.Collect$$libinit$$00000001)
    __rt_lib_init_alloca_1                   0x08000203   Thumb Code     0  libinit2.o(.ARM.Collect$$libinit$$0000002E)
    __rt_lib_init_argv_1                     0x08000203   Thumb Code     0  libinit2.o(.ARM.Collect$$libinit$$0000002C)
    __rt_lib_init_atexit_1                   0x08000203   Thumb Code     0  libinit2.o(.ARM.Collect$$libinit$$0000001B)
    __rt_lib_init_clock_1                    0x08000203   Thumb Code     0  libinit2.o(.ARM.Collect$$libinit$$00000021)
    __rt_lib_init_cpp_1                      0x08000203   Thumb Code     0  libinit2.o(.ARM.Collect$$libinit$$00000032)
    __rt_lib_init_exceptions_1               0x08000203   Thumb Code     0  libinit2.o(.ARM.Collect$$libinit$$00000030)
    __rt_lib_init_fp_trap_1                  0x08000203   Thumb Code     0  libinit2.o(.ARM.Collect$$libinit$$0000001F)
    __rt_lib_init_getenv_1                   0x08000203   Thumb Code     0  libinit2.o(.ARM.Collect$$libinit$$00000023)
    __rt_lib_init_heap_1                     0x08000203   Thumb Code     0  libinit2.o(.ARM.Collect$$libinit$$0000000A)
    __rt_lib_init_lc_collate_1               0x08000203   Thumb Code     0  libinit2.o(.ARM.Collect$$libinit$$00000011)
    __rt_lib_init_lc_ctype_1                 0x08000203   Thumb Code     0  libinit2.o(.ARM.Collect$$libinit$$00000013)
    __rt_lib_init_lc_monetary_1              0x08000203   Thumb Code     0  libinit2.o(.ARM.Collect$$libinit$$00000015)
    __rt_lib_init_lc_numeric_1               0x08000203   Thumb Code     0  libinit2.o(.ARM.Collect$$libinit$$00000017)
    __rt_lib_init_lc_time_1                  0x08000203   Thumb Code     0  libinit2.o(.ARM.Collect$$libinit$$00000019)
    __rt_lib_init_preinit_1                  0x08000203   Thumb Code     0  libinit2.o(.ARM.Collect$$libinit$$00000004)
    __rt_lib_init_rand_1                     0x08000203   Thumb Code     0  libinit2.o(.ARM.Collect$$libinit$$0000000E)
    __rt_lib_init_return                     0x08000203   Thumb Code     0  libinit2.o(.ARM.Collect$$libinit$$00000033)
    __rt_lib_init_signal_1                   0x08000203   Thumb Code     0  libinit2.o(.ARM.Collect$$libinit$$0000001D)
    __rt_lib_init_stdio_1                    0x08000203   Thumb Code     0  libinit2.o(.ARM.Collect$$libinit$$00000025)
    __rt_lib_init_user_alloc_1               0x08000203   Thumb Code     0  libinit2.o(.ARM.Collect$$libinit$$0000000C)
    __rt_lib_shutdown                        0x08000205   Thumb Code     0  libshutdown.o(.ARM.Collect$$libshutdown$$00000000)
    __rt_lib_shutdown_cpp_1                  0x08000207   Thumb Code     0  libshutdown2.o(.ARM.Collect$$libshutdown$$00000002)
    __rt_lib_shutdown_fp_trap_1              0x08000207   Thumb Code     0  libshutdown2.o(.ARM.Collect$$libshutdown$$00000007)
    __rt_lib_shutdown_heap_1                 0x08000207   Thumb Code     0  libshutdown2.o(.ARM.Collect$$libshutdown$$0000000F)
    __rt_lib_shutdown_return                 0x08000207   Thumb Code     0  libshutdown2.o(.ARM.Collect$$libshutdown$$00000010)
    __rt_lib_shutdown_signal_1               0x08000207   Thumb Code     0  libshutdown2.o(.ARM.Collect$$libshutdown$$0000000A)
    __rt_lib_shutdown_stdio_1                0x08000207   Thumb Code     0  libshutdown2.o(.ARM.Collect$$libshutdown$$00000004)
    __rt_lib_shutdown_user_alloc_1           0x08000207   Thumb Code     0  libshutdown2.o(.ARM.Collect$$libshutdown$$0000000C)
    __rt_entry                               0x08000209   Thumb Code     0  __rtentry.o(.ARM.Collect$$rtentry$$00000000)
    __rt_entry_presh_1                       0x08000209   Thumb Code     0  __rtentry2.o(.ARM.Collect$$rtentry$$00000002)
    __rt_entry_sh                            0x08000209   Thumb Code     0  __rtentry4.o(.ARM.Collect$$rtentry$$00000004)
    __rt_entry_li                            0x0800020f   Thumb Code     0  __rtentry2.o(.ARM.Collect$$rtentry$$0000000A)
    __rt_entry_postsh_1                      0x0800020f   Thumb Code     0  __rtentry2.o(.ARM.Collect$$rtentry$$00000009)
    __rt_entry_main                          0x08000213   Thumb Code     0  __rtentry2.o(.ARM.Collect$$rtentry$$0000000D)
    __rt_entry_postli_1                      0x08000213   Thumb Code     0  __rtentry2.o(.ARM.Collect$$rtentry$$0000000C)
    __rt_exit                                0x0800021b   Thumb Code     0  rtexit.o(.ARM.Collect$$rtexit$$00000000)
    __rt_exit_ls                             0x0800021d   Thumb Code     0  rtexit2.o(.ARM.Collect$$rtexit$$00000003)
    __rt_exit_prels_1                        0x0800021d   Thumb Code     0  rtexit2.o(.ARM.Collect$$rtexit$$00000002)
    __rt_exit_exit                           0x08000221   Thumb Code     0  rtexit2.o(.ARM.Collect$$rtexit$$00000004)
    Reset_Handler                            0x08000229   Thumb Code     8  startup_stm32f407xx.o(.text)
    NMI_Handler                              0x08000231   Thumb Code     2  startup_stm32f407xx.o(.text)
    HardFault_Handler                        0x08000233   Thumb Code     2  startup_stm32f407xx.o(.text)
    MemManage_Handler                        0x08000235   Thumb Code     2  startup_stm32f407xx.o(.text)
    BusFault_Handler                         0x08000237   Thumb Code     2  startup_stm32f407xx.o(.text)
    UsageFault_Handler                       0x08000239   Thumb Code     2  startup_stm32f407xx.o(.text)
    SVC_Handler                              0x0800023b   Thumb Code     2  startup_stm32f407xx.o(.text)
    DebugMon_Handler                         0x0800023d   Thumb Code     2  startup_stm32f407xx.o(.text)
    PendSV_Handler                           0x0800023f   Thumb Code     2  startup_stm32f407xx.o(.text)
    ADC_IRQHandler                           0x08000243   Thumb Code     0  startup_stm32f407xx.o(.text)
    CAN1_RX0_IRQHandler                      0x08000243   Thumb Code     0  startup_stm32f407xx.o(.text)
    CAN1_RX1_IRQHandler                      0x08000243   Thumb Code     0  startup_stm32f407xx.o(.text)
    CAN1_SCE_IRQHandler                      0x08000243   Thumb Code     0  startup_stm32f407xx.o(.text)
    CAN1_TX_IRQHandler                       0x08000243   Thumb Code     0  startup_stm32f407xx.o(.text)
    CAN2_RX0_IRQHandler                      0x08000243   Thumb Code     0  startup_stm32f407xx.o(.text)
    CAN2_RX1_IRQHandler                      0x08000243   Thumb Code     0  startup_stm32f407xx.o(.text)
    CAN2_SCE_IRQHandler                      0x08000243   Thumb Code     0  startup_stm32f407xx.o(.text)
    CAN2_TX_IRQHandler                       0x08000243   Thumb Code     0  startup_stm32f407xx.o(.text)
    DCMI_IRQHandler                          0x08000243   Thumb Code     0  startup_stm32f407xx.o(.text)
    DMA1_Stream0_IRQHandler                  0x08000243   Thumb Code     0  startup_stm32f407xx.o(.text)
    DMA1_Stream1_IRQHandler                  0x08000243   Thumb Code     0  startup_stm32f407xx.o(.text)
    DMA1_Stream2_IRQHandler                  0x08000243   Thumb Code     0  startup_stm32f407xx.o(.text)
    DMA1_Stream3_IRQHandler                  0x08000243   Thumb Code     0  startup_stm32f407xx.o(.text)
    DMA1_Stream4_IRQHandler                  0x08000243   Thumb Code     0  startup_stm32f407xx.o(.text)
    DMA1_Stream5_IRQHandler                  0x08000243   Thumb Code     0  startup_stm32f407xx.o(.text)
    DMA1_Stream6_IRQHandler                  0x08000243   Thumb Code     0  startup_stm32f407xx.o(.text)
    DMA1_Stream7_IRQHandler                  0x08000243   Thumb Code     0  startup_stm32f407xx.o(.text)
    DMA2_Stream0_IRQHandler                  0x08000243   Thumb Code     0  startup_stm32f407xx.o(.text)
    DMA2_Stream1_IRQHandler                  0x08000243   Thumb Code     0  startup_stm32f407xx.o(.text)
    DMA2_Stream2_IRQHandler                  0x08000243   Thumb Code     0  startup_stm32f407xx.o(.text)
    DMA2_Stream3_IRQHandler                  0x08000243   Thumb Code     0  startup_stm32f407xx.o(.text)
    DMA2_Stream4_IRQHandler                  0x08000243   Thumb Code     0  startup_stm32f407xx.o(.text)
    DMA2_Stream5_IRQHandler                  0x08000243   Thumb Code     0  startup_stm32f407xx.o(.text)
    DMA2_Stream6_IRQHandler                  0x08000243   Thumb Code     0  startup_stm32f407xx.o(.text)
    DMA2_Stream7_IRQHandler                  0x08000243   Thumb Code     0  startup_stm32f407xx.o(.text)
    ETH_IRQHandler                           0x08000243   Thumb Code     0  startup_stm32f407xx.o(.text)
    ETH_WKUP_IRQHandler                      0x08000243   Thumb Code     0  startup_stm32f407xx.o(.text)
    EXTI0_IRQHandler                         0x08000243   Thumb Code     0  startup_stm32f407xx.o(.text)
    EXTI15_10_IRQHandler                     0x08000243   Thumb Code     0  startup_stm32f407xx.o(.text)
    EXTI1_IRQHandler                         0x08000243   Thumb Code     0  startup_stm32f407xx.o(.text)
    EXTI2_IRQHandler                         0x08000243   Thumb Code     0  startup_stm32f407xx.o(.text)
    EXTI3_IRQHandler                         0x08000243   Thumb Code     0  startup_stm32f407xx.o(.text)
    EXTI4_IRQHandler                         0x08000243   Thumb Code     0  startup_stm32f407xx.o(.text)
    EXTI9_5_IRQHandler                       0x08000243   Thumb Code     0  startup_stm32f407xx.o(.text)
    FLASH_IRQHandler                         0x08000243   Thumb Code     0  startup_stm32f407xx.o(.text)
    FMC_IRQHandler                           0x08000243   Thumb Code     0  startup_stm32f407xx.o(.text)
    FPU_IRQHandler                           0x08000243   Thumb Code     0  startup_stm32f407xx.o(.text)
    HASH_RNG_IRQHandler                      0x08000243   Thumb Code     0  startup_stm32f407xx.o(.text)
    I2C1_ER_IRQHandler                       0x08000243   Thumb Code     0  startup_stm32f407xx.o(.text)
    I2C1_EV_IRQHandler                       0x08000243   Thumb Code     0  startup_stm32f407xx.o(.text)
    I2C2_ER_IRQHandler                       0x08000243   Thumb Code     0  startup_stm32f407xx.o(.text)
    I2C2_EV_IRQHandler                       0x08000243   Thumb Code     0  startup_stm32f407xx.o(.text)
    I2C3_ER_IRQHandler                       0x08000243   Thumb Code     0  startup_stm32f407xx.o(.text)
    I2C3_EV_IRQHandler                       0x08000243   Thumb Code     0  startup_stm32f407xx.o(.text)
    OTG_FS_IRQHandler                        0x08000243   Thumb Code     0  startup_stm32f407xx.o(.text)
    OTG_FS_WKUP_IRQHandler                   0x08000243   Thumb Code     0  startup_stm32f407xx.o(.text)
    OTG_HS_EP1_IN_IRQHandler                 0x08000243   Thumb Code     0  startup_stm32f407xx.o(.text)
    OTG_HS_EP1_OUT_IRQHandler                0x08000243   Thumb Code     0  startup_stm32f407xx.o(.text)
    OTG_HS_IRQHandler                        0x08000243   Thumb Code     0  startup_stm32f407xx.o(.text)
    OTG_HS_WKUP_IRQHandler                   0x08000243   Thumb Code     0  startup_stm32f407xx.o(.text)
    PVD_IRQHandler                           0x08000243   Thumb Code     0  startup_stm32f407xx.o(.text)
    RCC_IRQHandler                           0x08000243   Thumb Code     0  startup_stm32f407xx.o(.text)
    RTC_Alarm_IRQHandler                     0x08000243   Thumb Code     0  startup_stm32f407xx.o(.text)
    RTC_WKUP_IRQHandler                      0x08000243   Thumb Code     0  startup_stm32f407xx.o(.text)
    SDIO_IRQHandler                          0x08000243   Thumb Code     0  startup_stm32f407xx.o(.text)
    SPI1_IRQHandler                          0x08000243   Thumb Code     0  startup_stm32f407xx.o(.text)
    SPI2_IRQHandler                          0x08000243   Thumb Code     0  startup_stm32f407xx.o(.text)
    SPI3_IRQHandler                          0x08000243   Thumb Code     0  startup_stm32f407xx.o(.text)
    TAMP_STAMP_IRQHandler                    0x08000243   Thumb Code     0  startup_stm32f407xx.o(.text)
    TIM1_BRK_TIM9_IRQHandler                 0x08000243   Thumb Code     0  startup_stm32f407xx.o(.text)
    TIM1_CC_IRQHandler                       0x08000243   Thumb Code     0  startup_stm32f407xx.o(.text)
    TIM1_TRG_COM_TIM11_IRQHandler            0x08000243   Thumb Code     0  startup_stm32f407xx.o(.text)
    TIM1_UP_TIM10_IRQHandler                 0x08000243   Thumb Code     0  startup_stm32f407xx.o(.text)
    TIM2_IRQHandler                          0x08000243   Thumb Code     0  startup_stm32f407xx.o(.text)
    TIM3_IRQHandler                          0x08000243   Thumb Code     0  startup_stm32f407xx.o(.text)
    TIM4_IRQHandler                          0x08000243   Thumb Code     0  startup_stm32f407xx.o(.text)
    TIM5_IRQHandler                          0x08000243   Thumb Code     0  startup_stm32f407xx.o(.text)
    TIM6_DAC_IRQHandler                      0x08000243   Thumb Code     0  startup_stm32f407xx.o(.text)
    TIM7_IRQHandler                          0x08000243   Thumb Code     0  startup_stm32f407xx.o(.text)
    TIM8_BRK_TIM12_IRQHandler                0x08000243   Thumb Code     0  startup_stm32f407xx.o(.text)
    TIM8_CC_IRQHandler                       0x08000243   Thumb Code     0  startup_stm32f407xx.o(.text)
    TIM8_TRG_COM_TIM14_IRQHandler            0x08000243   Thumb Code     0  startup_stm32f407xx.o(.text)
    TIM8_UP_TIM13_IRQHandler                 0x08000243   Thumb Code     0  startup_stm32f407xx.o(.text)
    UART4_IRQHandler                         0x08000243   Thumb Code     0  startup_stm32f407xx.o(.text)
    UART5_IRQHandler                         0x08000243   Thumb Code     0  startup_stm32f407xx.o(.text)
    USART1_IRQHandler                        0x08000243   Thumb Code     0  startup_stm32f407xx.o(.text)
    USART2_IRQHandler                        0x08000243   Thumb Code     0  startup_stm32f407xx.o(.text)
    USART3_IRQHandler                        0x08000243   Thumb Code     0  startup_stm32f407xx.o(.text)
    USART6_IRQHandler                        0x08000243   Thumb Code     0  startup_stm32f407xx.o(.text)
    WWDG_IRQHandler                          0x08000243   Thumb Code     0  startup_stm32f407xx.o(.text)
    __user_initial_stackheap                 0x08000245   Thumb Code     0  startup_stm32f407xx.o(.text)
    __aeabi_uldivmod                         0x08000269   Thumb Code     0  lludivv7m.o(.text)
    _ll_udiv                                 0x08000269   Thumb Code   240  lludivv7m.o(.text)
    strlen                                   0x08000359   Thumb Code    62  strlen.o(.text)
    __use_two_region_memory                  0x08000397   Thumb Code     2  heapauxi.o(.text)
    __rt_heap_escrow$2region                 0x08000399   Thumb Code     2  heapauxi.o(.text)
    __rt_heap_expand$2region                 0x0800039b   Thumb Code     2  heapauxi.o(.text)
    __user_setup_stackheap                   0x0800039d   Thumb Code    74  sys_stackheap_outer.o(.text)
    exit                                     0x080003e7   Thumb Code    18  exit.o(.text)
    __user_libspace                          0x080003f9   Thumb Code     8  libspace.o(.text)
    __user_perproc_libspace                  0x080003f9   Thumb Code     0  libspace.o(.text)
    __user_perthread_libspace                0x080003f9   Thumb Code     0  libspace.o(.text)
    _sys_exit                                0x08000401   Thumb Code     8  sys_exit.o(.text)
    __I$use$semihosting                      0x0800040d   Thumb Code     0  use_no_semi.o(.text)
    __use_no_semihosting_swi                 0x0800040d   Thumb Code     2  use_no_semi.o(.text)
    __semihosting_library_function           0x0800040f   Thumb Code     0  indicate_semi.o(.text)
    HAL_GPIO_Init                            0x08000411   Thumb Code   426  stm32f4xx_hal_gpio.o(.text.HAL_GPIO_Init)
    HAL_GetTick                              0x080005bd   Thumb Code    12  stm32f4xx_hal.o(.text.HAL_GetTick)
    HAL_IncTick                              0x080005c9   Thumb Code    26  stm32f4xx_hal.o(.text.HAL_IncTick)
    HAL_Init                                 0x080005e5   Thumb Code    46  stm32f4xx_hal.o(.text.HAL_Init)
    HAL_InitTick                             0x08000615   Thumb Code    80  stm32f4xx_hal.o(.text.HAL_InitTick)
    HAL_MspInit                              0x08000665   Thumb Code     2  stm32f4xx_hal.o(.text.HAL_MspInit)
    HAL_NVIC_SetPriority                     0x08000669   Thumb Code    32  stm32f4xx_hal_cortex.o(.text.HAL_NVIC_SetPriority)
    HAL_NVIC_SetPriorityGrouping             0x08000689   Thumb Code     4  stm32f4xx_hal_cortex.o(.text.HAL_NVIC_SetPriorityGrouping)
    HAL_RCC_GetHCLKFreq                      0x0800068d   Thumb Code    12  stm32f4xx_hal_rcc.o(.text.HAL_RCC_GetHCLKFreq)
    HAL_RCC_GetPCLK1Freq                     0x08000699   Thumb Code    34  stm32f4xx_hal_rcc.o(.text.HAL_RCC_GetPCLK1Freq)
    HAL_RCC_GetPCLK2Freq                     0x080006bd   Thumb Code    34  stm32f4xx_hal_rcc.o(.text.HAL_RCC_GetPCLK2Freq)
    HAL_SYSTICK_Callback                     0x080006e1   Thumb Code     2  stm32f4xx_hal_cortex.o(.text.HAL_SYSTICK_Callback)
    HAL_SYSTICK_Config                       0x080006e5   Thumb Code     4  stm32f4xx_hal_cortex.o(.text.HAL_SYSTICK_Config)
    HAL_SYSTICK_IRQHandler                   0x080006e9   Thumb Code     4  stm32f4xx_hal_cortex.o(.text.HAL_SYSTICK_IRQHandler)
    HAL_UART_Init                            0x080006ed   Thumb Code    94  stm32f4xx_hal_uart.o(.text.HAL_UART_Init)
    HAL_UART_MspInit                         0x0800074d   Thumb Code     2  stm32f4xx_hal_uart.o(.text.HAL_UART_MspInit)
    HAL_UART_Receive                         0x08000751   Thumb Code   220  stm32f4xx_hal_uart.o(.text.HAL_UART_Receive)
    HAL_UART_Transmit                        0x0800082d   Thumb Code   204  stm32f4xx_hal_uart.o(.text.HAL_UART_Transmit)
    SysTick_Handler                          0x08000955   Thumb Code    14  receiver.o(.text.SysTick_Handler)
    SystemInit                               0x08000965   Thumb Code    18  system_stm32f4xx.o(.text.SystemInit)
    UART2_Configuration                      0x08000979   Thumb Code   124  receiver.o(.text.UART2_Configuration)
    main                                     0x08000ba1   Thumb Code    78  receiver.o(.text.main)
    _fp_init                                 0x08000bef   Thumb Code    26  fpinit.o(x$fpl$fpinit)
    __fplib_config_fpu_vfp                   0x08000c07   Thumb Code     0  fpinit.o(x$fpl$fpinit)
    __fplib_config_pureend_doubles           0x08000c07   Thumb Code     0  fpinit.o(x$fpl$fpinit)
    APBPrescTable                            0x08000c08   Data           8  system_stm32f4xx.o(.rodata.APBPrescTable)
    Region$$Table$$Base                      0x08000c10   Number         0  anon$$obj.o(Region$$Table)
    Region$$Table$$Limit                     0x08000c30   Number         0  anon$$obj.o(Region$$Table)
    Message                                  0x20000000   Data          36  receiver.o(.data.Message)
    SystemCoreClock                          0x20000024   Data           4  system_stm32f4xx.o(.data.SystemCoreClock)
    uwTickFreq                               0x20000028   Data           1  stm32f4xx_hal.o(.data.uwTickFreq)
    uwTickPrio                               0x2000002c   Data           4  stm32f4xx_hal.o(.data.uwTickPrio)
    __libspace_start                         0x20000030   Data          96  libspace.o(.bss)
    UART_Handler                             0x20000090   Data          68  receiver.o(.bss.UART_Handler)
    __temporary_stack_top$libspace           0x20000090   Data           0  libspace.o(.bss)
    uwTick                                   0x200000d4   Data           4  stm32f4xx_hal.o(.bss.uwTick)



==============================================================================

Memory Map of the image

  Image Entry point : 0x08000189

  Load Region LR_IROM1 (Base: 0x08000000, Size: 0x00000c60, Max: 0x00100000, ABSOLUTE)

    Execution Region ER_IROM1 (Exec base: 0x08000000, Load base: 0x08000000, Size: 0x00000c30, Max: 0x00100000, ABSOLUTE)

    Exec Addr    Load Addr    Size         Type   Attr      Idx    E Section Name        Object

    0x08000000   0x08000000   0x00000188   Data   RO          720    RESET               startup_stm32f407xx.o
    0x08000188   0x08000188   0x00000008   Code   RO          751  * !!!main             c_w.l(__main.o)
    0x08000190   0x08000190   0x00000034   Code   RO          924    !!!scatter          c_w.l(__scatter.o)
    0x080001c4   0x080001c4   0x0000001a   Code   RO          926    !!handler_copy      c_w.l(__scatter_copy.o)
    0x080001de   0x080001de   0x00000002   PAD
    0x080001e0   0x080001e0   0x0000001c   Code   RO          928    !!handler_zi        c_w.l(__scatter_zi.o)
    0x080001fc   0x080001fc   0x00000002   Code   RO          788    .ARM.Collect$$libinit$$00000000  c_w.l(libinit.o)
    0x080001fe   0x080001fe   0x00000004   Code   RO          800    .ARM.Collect$$libinit$$00000001  c_w.l(libinit2.o)
    0x08000202   0x08000202   0x00000000   Code   RO          803    .ARM.Collect$$libinit$$00000004  c_w.l(libinit2.o)
    0x08000202   0x08000202   0x00000000   Code   RO          806    .ARM.Collect$$libinit$$0000000A  c_w.l(libinit2.o)
    0x08000202   0x08000202   0x00000000   Code   RO          808    .ARM.Collect$$libinit$$0000000C  c_w.l(libinit2.o)
    0x08000202   0x08000202   0x00000000   Code   RO          810    .ARM.Collect$$libinit$$0000000E  c_w.l(libinit2.o)
    0x08000202   0x08000202   0x00000000   Code   RO          813    .ARM.Collect$$libinit$$00000011  c_w.l(libinit2.o)
    0x08000202   0x08000202   0x00000000   Code   RO          815    .ARM.Collect$$libinit$$00000013  c_w.l(libinit2.o)
    0x08000202   0x08000202   0x00000000   Code   RO          817    .ARM.Collect$$libinit$$00000015  c_w.l(libinit2.o)
    0x08000202   0x08000202   0x00000000   Code   RO          819    .ARM.Collect$$libinit$$00000017  c_w.l(libinit2.o)
    0x08000202   0x08000202   0x00000000   Code   RO          821    .ARM.Collect$$libinit$$00000019  c_w.l(libinit2.o)
    0x08000202   0x08000202   0x00000000   Code   RO          823    .ARM.Collect$$libinit$$0000001B  c_w.l(libinit2.o)
    0x08000202   0x08000202   0x00000000   Code   RO          825    .ARM.Collect$$libinit$$0000001D  c_w.l(libinit2.o)
    0x08000202   0x08000202   0x00000000   Code   RO          827    .ARM.Collect$$libinit$$0000001F  c_w.l(libinit2.o)
    0x08000202   0x08000202   0x00000000   Code   RO          829    .ARM.Collect$$libinit$$00000021  c_w.l(libinit2.o)
    0x08000202   0x08000202   0x00000000   Code   RO          831    .ARM.Collect$$libinit$$00000023  c_w.l(libinit2.o)
    0x08000202   0x08000202   0x00000000   Code   RO          833    .ARM.Collect$$libinit$$00000025  c_w.l(libinit2.o)
    0x08000202   0x08000202   0x00000000   Code   RO          837    .ARM.Collect$$libinit$$0000002C  c_w.l(libinit2.o)
    0x08000202   0x08000202   0x00000000   Code   RO          839    .ARM.Collect$$libinit$$0000002E  c_w.l(libinit2.o)
    0x08000202   0x08000202   0x00000000   Code   RO          841    .ARM.Collect$$libinit$$00000030  c_w.l(libinit2.o)
    0x08000202   0x08000202   0x00000000   Code   RO          843    .ARM.Collect$$libinit$$00000032  c_w.l(libinit2.o)
    0x08000202   0x08000202   0x00000002   Code   RO          844    .ARM.Collect$$libinit$$00000033  c_w.l(libinit2.o)
    0x08000204   0x08000204   0x00000002   Code   RO          879    .ARM.Collect$$libshutdown$$00000000  c_w.l(libshutdown.o)
    0x08000206   0x08000206   0x00000000   Code   RO          907    .ARM.Collect$$libshutdown$$00000002  c_w.l(libshutdown2.o)
    0x08000206   0x08000206   0x00000000   Code   RO          909    .ARM.Collect$$libshutdown$$00000004  c_w.l(libshutdown2.o)
    0x08000206   0x08000206   0x00000000   Code   RO          912    .ARM.Collect$$libshutdown$$00000007  c_w.l(libshutdown2.o)
    0x08000206   0x08000206   0x00000000   Code   RO          915    .ARM.Collect$$libshutdown$$0000000A  c_w.l(libshutdown2.o)
    0x08000206   0x08000206   0x00000000   Code   RO          917    .ARM.Collect$$libshutdown$$0000000C  c_w.l(libshutdown2.o)
    0x08000206   0x08000206   0x00000000   Code   RO          920    .ARM.Collect$$libshutdown$$0000000F  c_w.l(libshutdown2.o)
    0x08000206   0x08000206   0x00000002   Code   RO          921    .ARM.Collect$$libshutdown$$00000010  c_w.l(libshutdown2.o)
    0x08000208   0x08000208   0x00000000   Code   RO          753    .ARM.Collect$$rtentry$$00000000  c_w.l(__rtentry.o)
    0x08000208   0x08000208   0x00000000   Code   RO          759    .ARM.Collect$$rtentry$$00000002  c_w.l(__rtentry2.o)
    0x08000208   0x08000208   0x00000006   Code   RO          771    .ARM.Collect$$rtentry$$00000004  c_w.l(__rtentry4.o)
    0x0800020e   0x0800020e   0x00000000   Code   RO          761    .ARM.Collect$$rtentry$$00000009  c_w.l(__rtentry2.o)
    0x0800020e   0x0800020e   0x00000004   Code   RO          762    .ARM.Collect$$rtentry$$0000000A  c_w.l(__rtentry2.o)
    0x08000212   0x08000212   0x00000000   Code   RO          764    .ARM.Collect$$rtentry$$0000000C  c_w.l(__rtentry2.o)
    0x08000212   0x08000212   0x00000008   Code   RO          765    .ARM.Collect$$rtentry$$0000000D  c_w.l(__rtentry2.o)
    0x0800021a   0x0800021a   0x00000002   Code   RO          792    .ARM.Collect$$rtexit$$00000000  c_w.l(rtexit.o)
    0x0800021c   0x0800021c   0x00000000   Code   RO          850    .ARM.Collect$$rtexit$$00000002  c_w.l(rtexit2.o)
    0x0800021c   0x0800021c   0x00000004   Code   RO          851    .ARM.Collect$$rtexit$$00000003  c_w.l(rtexit2.o)
    0x08000220   0x08000220   0x00000006   Code   RO          852    .ARM.Collect$$rtexit$$00000004  c_w.l(rtexit2.o)
    0x08000226   0x08000226   0x00000002   PAD
    0x08000228   0x08000228   0x00000040   Code   RO          721    .text               startup_stm32f407xx.o
    0x08000268   0x08000268   0x000000f0   Code   RO          745    .text               c_w.l(lludivv7m.o)
    0x08000358   0x08000358   0x0000003e   Code   RO          747    .text               c_w.l(strlen.o)
    0x08000396   0x08000396   0x00000006   Code   RO          749    .text               c_w.l(heapauxi.o)
    0x0800039c   0x0800039c   0x0000004a   Code   RO          775    .text               c_w.l(sys_stackheap_outer.o)
    0x080003e6   0x080003e6   0x00000012   Code   RO          777    .text               c_w.l(exit.o)
    0x080003f8   0x080003f8   0x00000008   Code   RO          789    .text               c_w.l(libspace.o)
    0x08000400   0x08000400   0x0000000c   Code   RO          845    .text               c_w.l(sys_exit.o)
    0x0800040c   0x0800040c   0x00000002   Code   RO          868    .text               c_w.l(use_no_semi.o)
    0x0800040e   0x0800040e   0x00000000   Code   RO          870    .text               c_w.l(indicate_semi.o)
    0x0800040e   0x0800040e   0x00000002   PAD
    0x08000410   0x08000410   0x000001aa   Code   RO          217    .text.HAL_GPIO_Init  stm32f4xx_hal_gpio.o
    0x080005ba   0x080005ba   0x00000002   PAD
    0x080005bc   0x080005bc   0x0000000c   Code   RO           34    .text.HAL_GetTick   stm32f4xx_hal.o
    0x080005c8   0x080005c8   0x0000001a   Code   RO           32    .text.HAL_IncTick   stm32f4xx_hal.o
    0x080005e2   0x080005e2   0x00000002   PAD
    0x080005e4   0x080005e4   0x0000002e   Code   RO           22    .text.HAL_Init      stm32f4xx_hal.o
    0x08000612   0x08000612   0x00000002   PAD
    0x08000614   0x08000614   0x00000050   Code   RO           24    .text.HAL_InitTick  stm32f4xx_hal.o
    0x08000664   0x08000664   0x00000002   Code   RO           26    .text.HAL_MspInit   stm32f4xx_hal.o
    0x08000666   0x08000666   0x00000002   PAD
    0x08000668   0x08000668   0x00000020   Code   RO           92    .text.HAL_NVIC_SetPriority  stm32f4xx_hal_cortex.o
    0x08000688   0x08000688   0x00000004   Code   RO           88    .text.HAL_NVIC_SetPriorityGrouping  stm32f4xx_hal_cortex.o
    0x0800068c   0x0800068c   0x0000000c   Code   RO          320    .text.HAL_RCC_GetHCLKFreq  stm32f4xx_hal_rcc.o
    0x08000698   0x08000698   0x00000022   Code   RO          322    .text.HAL_RCC_GetPCLK1Freq  stm32f4xx_hal_rcc.o
    0x080006ba   0x080006ba   0x00000002   PAD
    0x080006bc   0x080006bc   0x00000022   Code   RO          324    .text.HAL_RCC_GetPCLK2Freq  stm32f4xx_hal_rcc.o
    0x080006de   0x080006de   0x00000002   PAD
    0x080006e0   0x080006e0   0x00000002   Code   RO          150    .text.HAL_SYSTICK_Callback  stm32f4xx_hal_cortex.o
    0x080006e2   0x080006e2   0x00000002   PAD
    0x080006e4   0x080006e4   0x00000004   Code   RO          112    .text.HAL_SYSTICK_Config  stm32f4xx_hal_cortex.o
    0x080006e8   0x080006e8   0x00000004   Code   RO          148    .text.HAL_SYSTICK_IRQHandler  stm32f4xx_hal_cortex.o
    0x080006ec   0x080006ec   0x0000005e   Code   RO          491    .text.HAL_UART_Init  stm32f4xx_hal_uart.o
    0x0800074a   0x0800074a   0x00000002   PAD
    0x0800074c   0x0800074c   0x00000002   Code   RO          493    .text.HAL_UART_MspInit  stm32f4xx_hal_uart.o
    0x0800074e   0x0800074e   0x00000002   PAD
    0x08000750   0x08000750   0x000000dc   Code   RO          511    .text.HAL_UART_Receive  stm32f4xx_hal_uart.o
    0x0800082c   0x0800082c   0x000000cc   Code   RO          507    .text.HAL_UART_Transmit  stm32f4xx_hal_uart.o
    0x080008f8   0x080008f8   0x0000002c   Code   RO           98    .text.NVIC_EncodePriority  stm32f4xx_hal_cortex.o
    0x08000924   0x08000924   0x00000030   Code   RO          114    .text.SysTick_Config  stm32f4xx_hal_cortex.o
    0x08000954   0x08000954   0x0000000e   Code   RO            6    .text.SysTick_Handler  receiver.o
    0x08000962   0x08000962   0x00000002   PAD
    0x08000964   0x08000964   0x00000012   Code   RO          728    .text.SystemInit    system_stm32f4xx.o
    0x08000976   0x08000976   0x00000002   PAD
    0x08000978   0x08000978   0x0000007c   Code   RO            4    .text.UART2_Configuration  receiver.o
    0x080009f4   0x080009f4   0x000000dc   Code   RO          495    .text.UART_SetConfig  stm32f4xx_hal_uart.o
    0x08000ad0   0x08000ad0   0x0000007c   Code   RO          509    .text.UART_WaitOnFlagUntilTimeout  stm32f4xx_hal_uart.o
    0x08000b4c   0x08000b4c   0x00000010   Code   RO           94    .text.__NVIC_GetPriorityGrouping  stm32f4xx_hal_cortex.o
    0x08000b5c   0x08000b5c   0x00000022   Code   RO           96    .text.__NVIC_SetPriority  stm32f4xx_hal_cortex.o
    0x08000b7e   0x08000b7e   0x00000002   PAD
    0x08000b80   0x08000b80   0x00000020   Code   RO           90    .text.__NVIC_SetPriorityGrouping  stm32f4xx_hal_cortex.o
    0x08000ba0   0x08000ba0   0x0000004e   Code   RO            2    .text.main          receiver.o
    0x08000bee   0x08000bee   0x0000001a   Code   RO          862    x$fpl$fpinit        fz_wm.l(fpinit.o)
    0x08000c08   0x08000c08   0x00000008   Data   RO          734    .rodata.APBPrescTable  system_stm32f4xx.o
    0x08000c10   0x08000c10   0x00000020   Data   RO          923    Region$$Table       anon$$obj.o


    Execution Region RW_IRAM1 (Exec base: 0x20000000, Load base: 0x08000c30, Size: 0x000006d8, Max: 0x00020000, ABSOLUTE)

    Exec Addr    Load Addr    Size         Type   Attr      Idx    E Section Name        Object

    0x20000000   0x08000c30   0x00000024   Data   RW           10    .data.Message       receiver.o
    0x20000024   0x08000c54   0x00000004   Data   RW          732    .data.SystemCoreClock  system_stm32f4xx.o
    0x20000028   0x08000c58   0x00000001   Data   RW           77    .data.uwTickFreq    stm32f4xx_hal.o
    0x20000029   0x08000c59   0x00000003   PAD
    0x2000002c   0x08000c5c   0x00000004   Data   RW           76    .data.uwTickPrio    stm32f4xx_hal.o
    0x20000030        -       0x00000060   Zero   RW          790    .bss                c_w.l(libspace.o)
    0x20000090        -       0x00000044   Zero   RW           11    .bss.UART_Handler   receiver.o
    0x200000d4        -       0x00000004   Zero   RW           78    .bss.uwTick         stm32f4xx_hal.o
    0x200000d8        -       0x00000200   Zero   RW          719    HEAP                startup_stm32f407xx.o
    0x200002d8        -       0x00000400   Zero   RW          718    STACK               startup_stm32f407xx.o


==============================================================================

Image component sizes


      Code (inc. data)   RO Data    RW Data    ZI Data      Debug   Object Name

       216          0          0         36         68       4929   receiver.o
        64         26        392          0       1536        864   startup_stm32f407xx.o
       166          0          0          5          4       7405   stm32f4xx_hal.o
       220          0          0          0          0       9940   stm32f4xx_hal_cortex.o
       426          0          0          0          0       5106   stm32f4xx_hal_gpio.o
        80          0          0          0          0       7252   stm32f4xx_hal_rcc.o
       864          0          0          0          0      22417   stm32f4xx_hal_uart.o
        18          0          8          4          0       2641   system_stm32f4xx.o

    ----------------------------------------------------------------------
      2078         26        432         48       1608      60554   Object Totals
         0          0         32          0          0          0   (incl. Generated)
        24          0          0          3          0          0   (incl. Padding)

    ----------------------------------------------------------------------

      Code (inc. data)   RO Data    RW Data    ZI Data      Debug   Library Member Name

         8          0          0          0          0         68   __main.o
         0          0          0          0          0          0   __rtentry.o
        12          0          0          0          0          0   __rtentry2.o
         6          0          0          0          0          0   __rtentry4.o
        52          8          0          0          0          0   __scatter.o
        26          0          0          0          0          0   __scatter_copy.o
        28          0          0          0          0          0   __scatter_zi.o
        18          0          0          0          0         80   exit.o
         6          0          0          0          0        152   heapauxi.o
         0          0          0          0          0          0   indicate_semi.o
         2          0          0          0          0          0   libinit.o
         6          0          0          0          0          0   libinit2.o
         2          0          0          0          0          0   libshutdown.o
         2          0          0          0          0          0   libshutdown2.o
         8          4          0          0         96         68   libspace.o
       240          0          0          0          0        100   lludivv7m.o
         2          0          0          0          0          0   rtexit.o
        10          0          0          0          0          0   rtexit2.o
        62          0          0          0          0         76   strlen.o
        12          4          0          0          0         68   sys_exit.o
        74          0          0          0          0         80   sys_stackheap_outer.o
         2          0          0          0          0         68   use_no_semi.o
        26          0          0          0          0        116   fpinit.o

    ----------------------------------------------------------------------
       610         16          0          0         96        876   Library Totals
         6          0          0          0          0          0   (incl. Padding)

    ----------------------------------------------------------------------

      Code (inc. data)   RO Data    RW Data    ZI Data      Debug   Library Name

       578         16          0          0         96        760   c_w.l
        26          0          0          0          0        116   fz_wm.l

    ----------------------------------------------------------------------
       610         16          0          0         96        876   Library Totals

    ----------------------------------------------------------------------

==============================================================================


      Code (inc. data)   RO Data    RW Data    ZI Data      Debug   

      2688         42        432         48       1704      61074   Grand Totals
      2688         42        432         48       1704      61074   ELF Image Totals
      2688         42        432         48          0          0   ROM Totals

==============================================================================

    Total RO  Size (Code + RO Data)                 3120 (   3.05kB)
    Total RW  Size (RW Data + ZI Data)              1752 (   1.71kB)
    Total ROM Size (Code + RO Data + RW Data)       3168 (   3.09kB)

==============================================================================

